Archive member included because of file (symbol)

c:/users/paul/onedrive/documents/midi/soft/mios32_toolchain/gcc/bin/../lib/gcc/arm-none-eabi/4.7.4/armv7e-m\libgcc.a(_lshrdi3.o)
                              project_build//C/Users/Paul/OneDrive/Documents/MIDI/Soft/MIOS32/trunk/modules/app_lcd/universal/app_lcd.o (__aeabi_llsr)
c:/users/paul/onedrive/documents/midi/soft/mios32_toolchain/gcc/bin/../lib/gcc/arm-none-eabi/4.7.4/armv7e-m\libgcc.a(_ashldi3.o)
                              project_build//C/Users/Paul/OneDrive/Documents/MIDI/Soft/MIOS32/trunk/modules/app_lcd/universal/app_lcd.o (__aeabi_llsl)
c:/users/paul/onedrive/documents/midi/soft/mios32_toolchain/gcc/bin/../lib/gcc/arm-none-eabi/4.7.4/armv7e-m\libgcc.a(_arm_addsubdf3.o)
                              project_build//C/Users/Paul/OneDrive/Documents/MIDI/Soft/MIOS32/trunk/modules/sequencer/seq_bpm.o (__aeabi_ui2d)
c:/users/paul/onedrive/documents/midi/soft/mios32_toolchain/gcc/bin/../lib/gcc/arm-none-eabi/4.7.4/armv7e-m\libgcc.a(_arm_muldivdf3.o)
                              project_build//C/Users/Paul/OneDrive/Documents/MIDI/Soft/MIOS32/trunk/mios32/common/mios32_osc.o (__aeabi_dmul)
c:/users/paul/onedrive/documents/midi/soft/mios32_toolchain/gcc/bin/../lib/gcc/arm-none-eabi/4.7.4/armv7e-m\libgcc.a(_arm_fixdfsi.o)
                              project_build//C/Users/Paul/OneDrive/Documents/MIDI/Soft/MIOS32/trunk/mios32/common/mios32_osc.o (__aeabi_d2iz)
c:/users/paul/onedrive/documents/midi/soft/mios32_toolchain/gcc/bin/../lib/gcc/arm-none-eabi/4.7.4/armv7e-m\libgcc.a(_arm_truncdfsf2.o)
                              project_build/src/mbng_event.o (__aeabi_d2f)
c:/users/paul/onedrive/documents/midi/soft/mios32_toolchain/gcc/bin/../lib/gcc/arm-none-eabi/4.7.4/armv7e-m\libgcc.a(_arm_addsubsf3.o)
                              project_build/src/mbng_rgbled.o (__aeabi_fsub)
c:/users/paul/onedrive/documents/midi/soft/mios32_toolchain/gcc/bin/../lib/gcc/arm-none-eabi/4.7.4/armv7e-m\libgcc.a(_arm_muldivsf3.o)
                              project_build/src/mbng_rgbled.o (__aeabi_fmul)
c:/users/paul/onedrive/documents/midi/soft/mios32_toolchain/gcc/bin/../lib/gcc/arm-none-eabi/4.7.4/armv7e-m\libgcc.a(_arm_cmpsf2.o)
                              project_build/src/mbng_rgbled.o (__aeabi_fcmpeq)
c:/users/paul/onedrive/documents/midi/soft/mios32_toolchain/gcc/bin/../lib/gcc/arm-none-eabi/4.7.4/armv7e-m\libgcc.a(_arm_fixsfsi.o)
                              project_build/src/mbng_lcd.o (__aeabi_f2iz)
c:/users/paul/onedrive/documents/midi/soft/mios32_toolchain/gcc/bin/../lib/gcc/arm-none-eabi/4.7.4/armv7e-m\libgcc.a(_arm_fixunssfsi.o)
                              project_build/src/mbng_event.o (__aeabi_f2uiz)
c:/users/paul/onedrive/documents/midi/soft/mios32_toolchain/gcc/bin/../lib/gcc/arm-none-eabi/4.7.4/../../../../arm-none-eabi/lib/armv7e-m\libc_s.a(lib_a-atoi.o)
                              project_build//C/Users/Paul/OneDrive/Documents/MIDI/Soft/MIOS32/trunk/modules/uip_task_standard/osc_server.o (atoi)
c:/users/paul/onedrive/documents/midi/soft/mios32_toolchain/gcc/bin/../lib/gcc/arm-none-eabi/4.7.4/../../../../arm-none-eabi/lib/armv7e-m\libc_s.a(lib_a-ctype_.o)
                              project_build//C/Users/Paul/OneDrive/Documents/MIDI/Soft/MIOS32/trunk/programming_models/traditional/strtol.o (__ctype_ptr__)
c:/users/paul/onedrive/documents/midi/soft/mios32_toolchain/gcc/bin/../lib/gcc/arm-none-eabi/4.7.4/../../../../arm-none-eabi/lib/armv7e-m\libc_s.a(lib_a-init.o)
                              project_build//C/Users/Paul/OneDrive/Documents/MIDI/Soft/MIOS32/trunk/programming_models/traditional/main.o (__libc_init_array)
c:/users/paul/onedrive/documents/midi/soft/mios32_toolchain/gcc/bin/../lib/gcc/arm-none-eabi/4.7.4/../../../../arm-none-eabi/lib/armv7e-m\libc_s.a(lib_a-memcmp.o)
                              project_build//C/Users/Paul/OneDrive/Documents/MIDI/Soft/MIOS32/trunk/modules/uip_task_standard/dhcpc.o (memcmp)
c:/users/paul/onedrive/documents/midi/soft/mios32_toolchain/gcc/bin/../lib/gcc/arm-none-eabi/4.7.4/../../../../arm-none-eabi/lib/armv7e-m\libc_s.a(lib_a-memcpy.o)
                              project_build/src/mbng_event.o (memcpy)
c:/users/paul/onedrive/documents/midi/soft/mios32_toolchain/gcc/bin/../lib/gcc/arm-none-eabi/4.7.4/../../../../arm-none-eabi/lib/armv7e-m\libc_s.a(lib_a-memmove.o)
                              project_build/src/mbng_event.o (memmove)
c:/users/paul/onedrive/documents/midi/soft/mios32_toolchain/gcc/bin/../lib/gcc/arm-none-eabi/4.7.4/../../../../arm-none-eabi/lib/armv7e-m\libc_s.a(lib_a-memset.o)
                              project_build/src/mbng_patch.o (memset)
c:/users/paul/onedrive/documents/midi/soft/mios32_toolchain/gcc/bin/../lib/gcc/arm-none-eabi/4.7.4/../../../../arm-none-eabi/lib/armv7e-m\libc_s.a(lib_a-puts.o)
                              project_build//C/Users/Paul/OneDrive/Documents/MIDI/Soft/MIOS32/trunk/modules/uip/uip/psock.o (puts)
[...]
Memory Configuration

Name             Origin             Length             Attributes
RAM              0x20000000         0x00030000         xrw
FLASH_SECTOR0    0x08000000         0x00004000         xr
FLASH_SECTOR1    0x08004000         0x00004000         xr
FLASH_SECTOR2    0x08008000         0x00004000         xr
FLASH_SECTOR3    0x0800c000         0x00004000         xr
FLASH            0x08010000         0x000f0000         xr
FLASHB1          0x00000000         0x00000000         xr
EXTMEMB0         0x00000000         0x00000000         xr
EXTMEMB1         0x00000000         0x00000000         xr
EXTMEMB2         0x00000000         0x00000000         xr
EXTMEMB3         0x00000000         0x00000000         xr
*default*        0x00000000         0xffffffff

Linker script and memory map

LOAD project_build/src/app.o
LOAD project_build/src/mbng_sysex.o
LOAD project_build/src/mbng_patch.o
LOAD project_build/src/mbng_event.o
LOAD project_build/src/mbng_din.o
LOAD project_build/src/mbng_dout.o
LOAD project_build/src/mbng_dio.o
LOAD project_build/src/mbng_rgbled.o
LOAD project_build/src/mbng_enc.o
LOAD project_build/src/mbng_ain.o
LOAD project_build/src/mbng_ainser.o
LOAD project_build/src/mbng_kb.o
LOAD project_build/src/mbng_matrix.o
LOAD project_build/src/mbng_cv.o
LOAD project_build/src/mbng_mf.o
LOAD project_build/src/mbng_lcd.o
LOAD project_build/src/mbng_seq.o
LOAD project_build/src/mbng_file.o
LOAD project_build/src/mbng_file_c.o
LOAD project_build/src/mbng_file_l.o
LOAD project_build/src/mbng_file_s.o
LOAD project_build/src/mbng_file_r.o
LOAD project_build/src/mbng_file_k.o
LOAD project_build/src/terminal.o
LOAD project_build/src/scs_config.o
LOAD project_build//C/Users/Paul/OneDrive/Documents/MIDI/Soft/MIOS32/trunk/programming_models/traditional/main.o
LOAD project_build//C/Users/Paul/OneDrive/Documents/MIDI/Soft/MIOS32/trunk/programming_models/traditional/strtol.o
LOAD project_build//C/Users/Paul/OneDrive/Documents/MIDI/Soft/MIOS32/trunk/FreeRTOS/Source/tasks.o
LOAD project_build//C/Users/Paul/OneDrive/Documents/MIDI/Soft/MIOS32/trunk/FreeRTOS/Source/list.o
LOAD project_build//C/Users/Paul/OneDrive/Documents/MIDI/Soft/MIOS32/trunk/FreeRTOS/Source/queue.o
LOAD project_build//C/Users/Paul/OneDrive/Documents/MIDI/Soft/MIOS32/trunk/FreeRTOS/Source/timers.o
LOAD project_build//C/Users/Paul/OneDrive/Documents/MIDI/Soft/MIOS32/trunk/FreeRTOS/Source/portable/GCC/ARM_CM3/port.o
LOAD project_build//C/Users/Paul/OneDrive/Documents/MIDI/Soft/MIOS32/trunk/FreeRTOS/Source/portable/MemMang/umm_malloc.o
LOAD project_build//C/Users/Paul/OneDrive/Documents/MIDI/Soft/MIOS32/trunk/programming_models/traditional/startup_stm32f4xx.o
LOAD project_build//C/Users/Paul/OneDrive/Documents/MIDI/Soft/MIOS32/trunk/mios32/common/mios32_srio.o
LOAD project_build//C/Users/Paul/OneDrive/Documents/MIDI/Soft/MIOS32/trunk/mios32/common/mios32_din.o
LOAD project_build//C/Users/Paul/OneDrive/Documents/MIDI/Soft/MIOS32/trunk/mios32/common/mios32_dout.o
LOAD project_build//C/Users/Paul/OneDrive/Documents/MIDI/Soft/MIOS32/trunk/mios32/common/mios32_enc.o
LOAD project_build//C/Users/Paul/OneDrive/Documents/MIDI/Soft/MIOS32/trunk/mios32/common/mios32_lcd.o
LOAD project_build//C/Users/Paul/OneDrive/Documents/MIDI/Soft/MIOS32/trunk/mios32/common/mios32_midi.o
LOAD project_build//C/Users/Paul/OneDrive/Documents/MIDI/Soft/MIOS32/trunk/mios32/common/mios32_osc.o
LOAD project_build//C/Users/Paul/OneDrive/Documents/MIDI/Soft/MIOS32/trunk/mios32/common/mios32_com.o
LOAD project_build//C/Users/Paul/OneDrive/Documents/MIDI/Soft/MIOS32/trunk/mios32/common/mios32_uart_midi.o
LOAD project_build//C/Users/Paul/OneDrive/Documents/MIDI/Soft/MIOS32/trunk/mios32/common/mios32_spi_midi.o
LOAD project_build//C/Users/Paul/OneDrive/Documents/MIDI/Soft/MIOS32/trunk/mios32/common/mios32_iic_midi.o
LOAD project_build//C/Users/Paul/OneDrive/Documents/MIDI/Soft/MIOS32/trunk/mios32/common/mios32_iic_bs.o
LOAD project_build//C/Users/Paul/OneDrive/Documents/MIDI/Soft/MIOS32/trunk/mios32/common/mios32_mf.o
LOAD project_build//C/Users/Paul/OneDrive/Documents/MIDI/Soft/MIOS32/trunk/mios32/common/mios32_sdcard.o
LOAD project_build//C/Users/Paul/OneDrive/Documents/MIDI/Soft/MIOS32/trunk/mios32/common/mios32_enc28j60.o
LOAD project_build//C/Users/Paul/OneDrive/Documents/MIDI/Soft/MIOS32/trunk/mios32/common/mios32_timestamp.o
LOAD project_build//C/Users/Paul/OneDrive/Documents/MIDI/Soft/MIOS32/trunk/mios32/STM32F4xx/mios32_bsl.o
LOAD project_build//C/Users/Paul/OneDrive/Documents/MIDI/Soft/MIOS32/trunk/mios32/STM32F4xx/mios32_sys.o
LOAD project_build//C/Users/Paul/OneDrive/Documents/MIDI/Soft/MIOS32/trunk/mios32/STM32F4xx/mios32_irq.o
LOAD project_build//C/Users/Paul/OneDrive/Documents/MIDI/Soft/MIOS32/trunk/mios32/STM32F4xx/mios32_spi.o
LOAD project_build//C/Users/Paul/OneDrive/Documents/MIDI/Soft/MIOS32/trunk/mios32/STM32F4xx/mios32_i2s.o
LOAD project_build//C/Users/Paul/OneDrive/Documents/MIDI/Soft/MIOS32/trunk/mios32/STM32F4xx/mios32_board.o
LOAD project_build//C/Users/Paul/OneDrive/Documents/MIDI/Soft/MIOS32/trunk/mios32/STM32F4xx/mios32_timer.o
LOAD project_build//C/Users/Paul/OneDrive/Documents/MIDI/Soft/MIOS32/trunk/mios32/STM32F4xx/mios32_stopwatch.o
LOAD project_build//C/Users/Paul/OneDrive/Documents/MIDI/Soft/MIOS32/trunk/mios32/STM32F4xx/mios32_delay.o
LOAD project_build//C/Users/Paul/OneDrive/Documents/MIDI/Soft/MIOS32/trunk/mios32/STM32F4xx/mios32_ain.o
LOAD project_build//C/Users/Paul/OneDrive/Documents/MIDI/Soft/MIOS32/trunk/mios32/STM32F4xx/mios32_usb.o
LOAD project_build//C/Users/Paul/OneDrive/Documents/MIDI/Soft/MIOS32/trunk/mios32/STM32F4xx/mios32_usb_midi.o
LOAD project_build//C/Users/Paul/OneDrive/Documents/MIDI/Soft/MIOS32/trunk/mios32/STM32F4xx/mios32_usb_com.o
LOAD project_build//C/Users/Paul/OneDrive/Documents/MIDI/Soft/MIOS32/trunk/mios32/STM32F4xx/mios32_uart.o
LOAD project_build//C/Users/Paul/OneDrive/Documents/MIDI/Soft/MIOS32/trunk/mios32/STM32F4xx/mios32_iic.o
LOAD project_build//C/Users/Paul/OneDrive/Documents/MIDI/Soft/MIOS32/trunk/mios32/common/printf-stdarg.o
LOAD project_build//C/Users/Paul/OneDrive/Documents/MIDI/Soft/MIOS32/trunk/drivers/STM32F4xx/v1.1.0/STM32F4xx_StdPeriph_Driver/src/misc.o
LOAD project_build//C/Users/Paul/OneDrive/Documents/MIDI/Soft/MIOS32/trunk/drivers/STM32F4xx/v1.1.0/STM32F4xx_StdPeriph_Driver/src/stm32f4xx_adc.o
LOAD project_build//C/Users/Paul/OneDrive/Documents/MIDI/Soft/MIOS32/trunk/drivers/STM32F4xx/v1.1.0/STM32F4xx_StdPeriph_Driver/src/stm32f4xx_can.o
LOAD project_build//C/Users/Paul/OneDrive/Documents/MIDI/Soft/MIOS32/trunk/drivers/STM32F4xx/v1.1.0/STM32F4xx_StdPeriph_Driver/src/stm32f4xx_crc.o
LOAD project_build//C/Users/Paul/OneDrive/Documents/MIDI/Soft/MIOS32/trunk/drivers/STM32F4xx/v1.1.0/STM32F4xx_StdPeriph_Driver/src/stm32f4xx_cryp.o
LOAD project_build//C/Users/Paul/OneDrive/Documents/MIDI/Soft/MIOS32/trunk/drivers/STM32F4xx/v1.1.0/STM32F4xx_StdPeriph_Driver/src/stm32f4xx_cryp_aes.o
LOAD project_build//C/Users/Paul/OneDrive/Documents/MIDI/Soft/MIOS32/trunk/drivers/STM32F4xx/v1.1.0/STM32F4xx_StdPeriph_Driver/src/stm32f4xx_cryp_des.o
LOAD project_build//C/Users/Paul/OneDrive/Documents/MIDI/Soft/MIOS32/trunk/drivers/STM32F4xx/v1.1.0/STM32F4xx_StdPeriph_Driver/src/stm32f4xx_cryp_tdes.o
LOAD project_build//C/Users/Paul/OneDrive/Documents/MIDI/Soft/MIOS32/trunk/drivers/STM32F4xx/v1.1.0/STM32F4xx_StdPeriph_Driver/src/stm32f4xx_dac.o
LOAD project_build//C/Users/Paul/OneDrive/Documents/MIDI/Soft/MIOS32/trunk/drivers/STM32F4xx/v1.1.0/STM32F4xx_StdPeriph_Driver/src/stm32f4xx_dbgmcu.o
LOAD project_build//C/Users/Paul/OneDrive/Documents/MIDI/Soft/MIOS32/trunk/drivers/STM32F4xx/v1.1.0/STM32F4xx_StdPeriph_Driver/src/stm32f4xx_dcmi.o
LOAD project_build//C/Users/Paul/OneDrive/Documents/MIDI/Soft/MIOS32/trunk/drivers/STM32F4xx/v1.1.0/STM32F4xx_StdPeriph_Driver/src/stm32f4xx_dma.o
LOAD project_build//C/Users/Paul/OneDrive/Documents/MIDI/Soft/MIOS32/trunk/drivers/STM32F4xx/v1.1.0/STM32F4xx_StdPeriph_Driver/src/stm32f4xx_exti.o
LOAD project_build//C/Users/Paul/OneDrive/Documents/MIDI/Soft/MIOS32/trunk/drivers/STM32F4xx/v1.1.0/STM32F4xx_StdPeriph_Driver/src/stm32f4xx_flash.o
LOAD project_build//C/Users/Paul/OneDrive/Documents/MIDI/Soft/MIOS32/trunk/drivers/STM32F4xx/v1.1.0/STM32F4xx_StdPeriph_Driver/src/stm32f4xx_fsmc.o
LOAD project_build//C/Users/Paul/OneDrive/Documents/MIDI/Soft/MIOS32/trunk/drivers/STM32F4xx/v1.1.0/STM32F4xx_StdPeriph_Driver/src/stm32f4xx_gpio.o
LOAD project_build//C/Users/Paul/OneDrive/Documents/MIDI/Soft/MIOS32/trunk/drivers/STM32F4xx/v1.1.0/STM32F4xx_StdPeriph_Driver/src/stm32f4xx_hash.o
LOAD project_build//C/Users/Paul/OneDrive/Documents/MIDI/Soft/MIOS32/trunk/drivers/STM32F4xx/v1.1.0/STM32F4xx_StdPeriph_Driver/src/stm32f4xx_hash_md5.o
LOAD project_build//C/Users/Paul/OneDrive/Documents/MIDI/Soft/MIOS32/trunk/drivers/STM32F4xx/v1.1.0/STM32F4xx_StdPeriph_Driver/src/stm32f4xx_hash_sha1.o
LOAD project_build//C/Users/Paul/OneDrive/Documents/MIDI/Soft/MIOS32/trunk/drivers/STM32F4xx/v1.1.0/STM32F4xx_StdPeriph_Driver/src/stm32f4xx_i2c.o
LOAD project_build//C/Users/Paul/OneDrive/Documents/MIDI/Soft/MIOS32/trunk/drivers/STM32F4xx/v1.1.0/STM32F4xx_StdPeriph_Driver/src/stm32f4xx_iwdg.o
LOAD project_build//C/Users/Paul/OneDrive/Documents/MIDI/Soft/MIOS32/trunk/drivers/STM32F4xx/v1.1.0/STM32F4xx_StdPeriph_Driver/src/stm32f4xx_pwr.o
LOAD project_build//C/Users/Paul/OneDrive/Documents/MIDI/Soft/MIOS32/trunk/drivers/STM32F4xx/v1.1.0/STM32F4xx_StdPeriph_Driver/src/stm32f4xx_rcc.o
LOAD project_build//C/Users/Paul/OneDrive/Documents/MIDI/Soft/MIOS32/trunk/drivers/STM32F4xx/v1.1.0/STM32F4xx_StdPeriph_Driver/src/stm32f4xx_rng.o
LOAD project_build//C/Users/Paul/OneDrive/Documents/MIDI/Soft/MIOS32/trunk/drivers/STM32F4xx/v1.1.0/STM32F4xx_StdPeriph_Driver/src/stm32f4xx_rtc.o
LOAD project_build//C/Users/Paul/OneDrive/Documents/MIDI/Soft/MIOS32/trunk/drivers/STM32F4xx/v1.1.0/STM32F4xx_StdPeriph_Driver/src/stm32f4xx_sdio.o
LOAD project_build//C/Users/Paul/OneDrive/Documents/MIDI/Soft/MIOS32/trunk/drivers/STM32F4xx/v1.1.0/STM32F4xx_StdPeriph_Driver/src/stm32f4xx_spi.o
LOAD project_build//C/Users/Paul/OneDrive/Documents/MIDI/Soft/MIOS32/trunk/drivers/STM32F4xx/v1.1.0/STM32F4xx_StdPeriph_Driver/src/stm32f4xx_syscfg.o
LOAD project_build//C/Users/Paul/OneDrive/Documents/MIDI/Soft/MIOS32/trunk/drivers/STM32F4xx/v1.1.0/STM32F4xx_StdPeriph_Driver/src/stm32f4xx_tim.o
LOAD project_build//C/Users/Paul/OneDrive/Documents/MIDI/Soft/MIOS32/trunk/drivers/STM32F4xx/v1.1.0/STM32F4xx_StdPeriph_Driver/src/stm32f4xx_usart.o
LOAD project_build//C/Users/Paul/OneDrive/Documents/MIDI/Soft/MIOS32/trunk/drivers/STM32F4xx/v1.1.0/STM32F4xx_StdPeriph_Driver/src/stm32f4xx_wwdg.o
LOAD project_build//C/Users/Paul/OneDrive/Documents/MIDI/Soft/MIOS32/trunk/drivers/STM32F4xx/v1.1.0/STM32_USB_Device_Library/Core/src/usbd_core.o
LOAD project_build//C/Users/Paul/OneDrive/Documents/MIDI/Soft/MIOS32/trunk/drivers/STM32F4xx/v1.1.0/STM32_USB_Device_Library/Core/src/usbd_ioreq.o
LOAD project_build//C/Users/Paul/OneDrive/Documents/MIDI/Soft/MIOS32/trunk/drivers/STM32F4xx/v1.1.0/STM32_USB_Device_Library/Core/src/usbd_req.o
LOAD project_build//C/Users/Paul/OneDrive/Documents/MIDI/Soft/MIOS32/trunk/drivers/STM32F4xx/v1.1.0/STM32_USB_HOST_Library/Core/src/usbh_core.o
LOAD project_build//C/Users/Paul/OneDrive/Documents/MIDI/Soft/MIOS32/trunk/drivers/STM32F4xx/v1.1.0/STM32_USB_HOST_Library/Core/src/usbh_hcs.o
LOAD project_build//C/Users/Paul/OneDrive/Documents/MIDI/Soft/MIOS32/trunk/drivers/STM32F4xx/v1.1.0/STM32_USB_HOST_Library/Core/src/usbh_ioreq.o
LOAD project_build//C/Users/Paul/OneDrive/Documents/MIDI/Soft/MIOS32/trunk/drivers/STM32F4xx/v1.1.0/STM32_USB_HOST_Library/Core/src/usbh_stdreq.o
LOAD project_build//C/Users/Paul/OneDrive/Documents/MIDI/Soft/MIOS32/trunk/drivers/STM32F4xx/v1.1.0/STM32_USB_OTG_Driver/src/usb_core.o
LOAD project_build//C/Users/Paul/OneDrive/Documents/MIDI/Soft/MIOS32/trunk/drivers/STM32F4xx/v1.1.0/STM32_USB_OTG_Driver/src/usb_dcd.o
LOAD project_build//C/Users/Paul/OneDrive/Documents/MIDI/Soft/MIOS32/trunk/drivers/STM32F4xx/v1.1.0/STM32_USB_OTG_Driver/src/usb_dcd_int.o
LOAD project_build//C/Users/Paul/OneDrive/Documents/MIDI/Soft/MIOS32/trunk/drivers/STM32F4xx/v1.1.0/STM32_USB_OTG_Driver/src/usb_hcd.o
LOAD project_build//C/Users/Paul/OneDrive/Documents/MIDI/Soft/MIOS32/trunk/drivers/STM32F4xx/v1.1.0/STM32_USB_OTG_Driver/src/usb_hcd_int.o
LOAD project_build//C/Users/Paul/OneDrive/Documents/MIDI/Soft/MIOS32/trunk/drivers/STM32F4xx/v1.1.0/STM32_USB_OTG_Driver/src/usb_otg.o
LOAD project_build//C/Users/Paul/OneDrive/Documents/MIDI/Soft/MIOS32/trunk/modules/app_lcd/universal/app_lcd.o
LOAD project_build//C/Users/Paul/OneDrive/Documents/MIDI/Soft/MIOS32/trunk/modules/glcd_font/glcd_font_normal.o
LOAD project_build//C/Users/Paul/OneDrive/Documents/MIDI/Soft/MIOS32/trunk/modules/glcd_font/glcd_font_normal_inv.o
LOAD project_build//C/Users/Paul/OneDrive/Documents/MIDI/Soft/MIOS32/trunk/modules/glcd_font/glcd_font_big.o
LOAD project_build//C/Users/Paul/OneDrive/Documents/MIDI/Soft/MIOS32/trunk/modules/glcd_font/glcd_font_small.o
LOAD project_build//C/Users/Paul/OneDrive/Documents/MIDI/Soft/MIOS32/trunk/modules/glcd_font/glcd_font_tiny.o
LOAD project_build//C/Users/Paul/OneDrive/Documents/MIDI/Soft/MIOS32/trunk/modules/glcd_font/glcd_font_knob_icons.o
LOAD project_build//C/Users/Paul/OneDrive/Documents/MIDI/Soft/MIOS32/trunk/modules/glcd_font/glcd_font_meter_icons_h.o
LOAD project_build//C/Users/Paul/OneDrive/Documents/MIDI/Soft/MIOS32/trunk/modules/glcd_font/glcd_font_meter_icons_v.o
LOAD project_build//C/Users/Paul/OneDrive/Documents/MIDI/Soft/MIOS32/trunk/modules/midi_router/midi_router.o
LOAD project_build//C/Users/Paul/OneDrive/Documents/MIDI/Soft/MIOS32/trunk/modules/midi_router/midi_port.o
LOAD project_build//C/Users/Paul/OneDrive/Documents/MIDI/Soft/MIOS32/trunk/modules/midimon/midimon.o
LOAD project_build//C/Users/Paul/OneDrive/Documents/MIDI/Soft/MIOS32/trunk/modules/uip/uip/uip.o
LOAD project_build//C/Users/Paul/OneDrive/Documents/MIDI/Soft/MIOS32/trunk/modules/uip/uip/uip_arp.o
LOAD project_build//C/Users/Paul/OneDrive/Documents/MIDI/Soft/MIOS32/trunk/modules/uip/uip/uiplib.o
LOAD project_build//C/Users/Paul/OneDrive/Documents/MIDI/Soft/MIOS32/trunk/modules/uip/uip/psock.o
LOAD project_build//C/Users/Paul/OneDrive/Documents/MIDI/Soft/MIOS32/trunk/modules/uip/uip/timer.o
LOAD project_build//C/Users/Paul/OneDrive/Documents/MIDI/Soft/MIOS32/trunk/modules/uip/uip/uip-neighbor.o
LOAD project_build//C/Users/Paul/OneDrive/Documents/MIDI/Soft/MIOS32/trunk/modules/uip/lib/memb.o
LOAD project_build//C/Users/Paul/OneDrive/Documents/MIDI/Soft/MIOS32/trunk/modules/uip/mios32/clock-arch.o
LOAD project_build//C/Users/Paul/OneDrive/Documents/MIDI/Soft/MIOS32/trunk/modules/uip/mios32/STM32F4xx/network-device.o
LOAD project_build//C/Users/Paul/OneDrive/Documents/MIDI/Soft/MIOS32/trunk/modules/uip_task_standard/uip_task.o
LOAD project_build//C/Users/Paul/OneDrive/Documents/MIDI/Soft/MIOS32/trunk/modules/uip_task_standard/dhcpc.o
LOAD project_build//C/Users/Paul/OneDrive/Documents/MIDI/Soft/MIOS32/trunk/modules/uip_task_standard/osc_server.o
LOAD project_build//C/Users/Paul/OneDrive/Documents/MIDI/Soft/MIOS32/trunk/modules/uip_task_standard/osc_client.o
LOAD project_build//C/Users/Paul/OneDrive/Documents/MIDI/Soft/MIOS32/trunk/modules/uip_task_standard/uip_terminal.o
LOAD project_build//C/Users/Paul/OneDrive/Documents/MIDI/Soft/MIOS32/trunk/modules/freertos_utils/freertos_utils.o
LOAD project_build//C/Users/Paul/OneDrive/Documents/MIDI/Soft/MIOS32/trunk/modules/keyboard/keyboard.o
LOAD project_build//C/Users/Paul/OneDrive/Documents/MIDI/Soft/MIOS32/trunk/modules/ainser/ainser.o
LOAD project_build//C/Users/Paul/OneDrive/Documents/MIDI/Soft/MIOS32/trunk/modules/aout/aout.o
LOAD project_build//C/Users/Paul/OneDrive/Documents/MIDI/Soft/MIOS32/trunk/modules/max72xx/max72xx.o
LOAD project_build//C/Users/Paul/OneDrive/Documents/MIDI/Soft/MIOS32/trunk/modules/ws2812/ws2812.o
LOAD project_build//C/Users/Paul/OneDrive/Documents/MIDI/Soft/MIOS32/trunk/modules/notestack/notestack.o
LOAD project_build//C/Users/Paul/OneDrive/Documents/MIDI/Soft/MIOS32/trunk/modules/fatfs/src/diskio.o
LOAD project_build//C/Users/Paul/OneDrive/Documents/MIDI/Soft/MIOS32/trunk/modules/fatfs/src/option/ccsbcs.o
LOAD project_build//C/Users/Paul/OneDrive/Documents/MIDI/Soft/MIOS32/trunk/modules/fatfs/src/ff.o
LOAD project_build//C/Users/Paul/OneDrive/Documents/MIDI/Soft/MIOS32/trunk/modules/file/file.o
LOAD project_build//C/Users/Paul/OneDrive/Documents/MIDI/Soft/MIOS32/trunk/modules/md5/md5.o
LOAD project_build//C/Users/Paul/OneDrive/Documents/MIDI/Soft/MIOS32/trunk/modules/sequencer/seq_bpm.o
LOAD project_build//C/Users/Paul/OneDrive/Documents/MIDI/Soft/MIOS32/trunk/modules/sequencer/seq_midi_out.o
LOAD project_build//C/Users/Paul/OneDrive/Documents/MIDI/Soft/MIOS32/trunk/modules/msd/STM32F4xx/msd.o
LOAD project_build//C/Users/Paul/OneDrive/Documents/MIDI/Soft/MIOS32/trunk/modules/scs/scs.o
LOAD project_build//C/Users/Paul/OneDrive/Documents/MIDI/Soft/MIOS32/trunk/modules/scs/scs_lcd.o
LOAD project_build//C/Users/Paul/OneDrive/Documents/MIDI/Soft/MIOS32/trunk/programming_models/traditional/mini_cpp.o
LOAD project_build//C/Users/Paul/OneDrive/Documents/MIDI/Soft/MIOS32/trunk/programming_models/traditional/freertos_heap.o
LOAD c:/users/paul/onedrive/documents/midi/soft/mios32_toolchain/gcc/bin/../lib/gcc/arm-none-eabi/4.7.4/../../../../arm-none-eabi/lib/armv7e-m\libstdc++_s.a
START GROUP
LOAD c:/users/paul/onedrive/documents/midi/soft/mios32_toolchain/gcc/bin/../lib/gcc/arm-none-eabi/4.7.4/armv7e-m\libgcc.a
LOAD c:/users/paul/onedrive/documents/midi/soft/mios32_toolchain/gcc/bin/../lib/gcc/arm-none-eabi/4.7.4/../../../../arm-none-eabi/lib/armv7e-m\libc_s.a
END GROUP
                0x20020000                _estack = 0x20020000
                0x00000080                __Stack_Size = 0x80
                0x00000080                PROVIDE (_Stack_Size, __Stack_Size)
                0x2001ff80                __Stack_Init = (_estack - __Stack_Size)
                0x2001ff80                PROVIDE (_Stack_Init, __Stack_Init)
                0x00000100                _Minimum_Stack_Size = 0x100
                0x42000000                PERIPH_BB_BASE = 0x42000000
                0x22000000                SRAM_BB_BASE = 0x22000000
                0x20000000                SRAM_BASE = 0x20000000
                0x40000000                PERIPH_BASE = 0x40000000
                0x40022000                PROVIDE (FLASH_BASE, 0x40022000)
                0x1ffff800                PROVIDE (OB_BASE, 0x1ffff800)
                0x40000000                APB1PERIPH_BASE = PERIPH_BASE
                0x40010000                APB2PERIPH_BASE = (PERIPH_BASE + 0x10000)
                0x40020000                AHBPERIPH_BASE = (PERIPH_BASE + 0x20000)
                0x40000000                PROVIDE (TIM2, (APB1PERIPH_BASE + 0x0))
                0x40000400                PROVIDE (TIM3, (APB1PERIPH_BASE + 0x400))
                0x40000800                PROVIDE (TIM4, (APB1PERIPH_BASE + 0x800))
                0x40002800                PROVIDE (RTC, (APB1PERIPH_BASE + 0x2800))
                0x40002c00                PROVIDE (WWDG, (APB1PERIPH_BASE + 0x2c00))
                0x40003000                PROVIDE (IWDG, (APB1PERIPH_BASE + 0x3000))
                0x40003800                PROVIDE (SPI2, (APB1PERIPH_BASE + 0x3800))
                0x40004400                PROVIDE (USART2, (APB1PERIPH_BASE + 0x4400))
                0x40004800                PROVIDE (USART3, (APB1PERIPH_BASE + 0x4800))
                0x40005400                PROVIDE (I2C1, (APB1PERIPH_BASE + 0x5400))
                0x40005800                PROVIDE (I2C2, (APB1PERIPH_BASE + 0x5800))
                0x40006400                PROVIDE (CAN, (APB1PERIPH_BASE + 0x6400))
                0x40006c00                PROVIDE (BKP, (APB1PERIPH_BASE + 0x6c00))
                0x40007000                PROVIDE (PWR, (APB1PERIPH_BASE + 0x7000))
                0x40010000                PROVIDE (AFIO, (APB2PERIPH_BASE + 0x0))
                0x40010400                PROVIDE (EXTI, (APB2PERIPH_BASE + 0x400))
                0x40010800                PROVIDE (GPIOA, (APB2PERIPH_BASE + 0x800))
                0x40010c00                PROVIDE (GPIOB, (APB2PERIPH_BASE + 0xc00))
                0x40011000                PROVIDE (GPIOC, (APB2PERIPH_BASE + 0x1000))
                0x40011400                PROVIDE (GPIOD, (APB2PERIPH_BASE + 0x1400))
                0x40011800                PROVIDE (GPIOE, (APB2PERIPH_BASE + 0x1800))
                0x40012400                PROVIDE (ADC1, (APB2PERIPH_BASE + 0x2400))
                0x40012800                PROVIDE (ADC2, (APB2PERIPH_BASE + 0x2800))
                0x40012c00                PROVIDE (TIM1, (APB2PERIPH_BASE + 0x2c00))
                0x40013000                PROVIDE (SPI1, (APB2PERIPH_BASE + 0x3000))
                0x40013800                PROVIDE (USART1, (APB2PERIPH_BASE + 0x3800))
                0x40020000                PROVIDE (DMA, (AHBPERIPH_BASE + 0x0))
                0x40020008                PROVIDE (DMA_Channel1, (AHBPERIPH_BASE + 0x8))
                0x4002001c                PROVIDE (DMA_Channel2, (AHBPERIPH_BASE + 0x1c))
                0x40020030                PROVIDE (DMA_Channel3, (AHBPERIPH_BASE + 0x30))
                0x40020044                PROVIDE (DMA_Channel4, (AHBPERIPH_BASE + 0x44))
                0x40020058                PROVIDE (DMA_Channel5, (AHBPERIPH_BASE + 0x58))
                0x4002006c                PROVIDE (DMA_Channel6, (AHBPERIPH_BASE + 0x6c))
                0x40020080                PROVIDE (DMA_Channel7, (AHBPERIPH_BASE + 0x80))
                0x40021000                PROVIDE (RCC, (AHBPERIPH_BASE + 0x1000))
                0xe000e000                SCS_BASE = 0xe000e000
                0xe000e010                PROVIDE (SysTick, (SCS_BASE + 0x10))
                0xe000e100                PROVIDE (NVIC, (SCS_BASE + 0x100))
                0xe000ed00                PROVIDE (SCB, (SCS_BASE + 0xd00))

.mios32_bsl     0x08000000     0x4000
                0x08000000                . = ALIGN (0x4)
 *(.mios32_bsl)
 .mios32_bsl    0x08000000     0x4000 project_build//C/Users/Paul/OneDrive/Documents/MIDI/Soft/MIOS32/trunk/mios32/STM32F4xx/mios32_bsl.o
                0x08000000                mios32_bsl_image
                0x08004000                . = ALIGN (0x4)

.isr_vector     0x08004000      0x188
                0x08004000                _mios32_sys_isr_vector = .
                0x08004000                . = ALIGN (0x4)
 *(.isr_vector)
 .isr_vector    0x08004000      0x188 project_build//C/Users/Paul/OneDrive/Documents/MIDI/Soft/MIOS32/trunk/programming_models/traditional/startup_stm32f4xx.o
                0x08004000                g_pfnVectors
                0x08004188                . = ALIGN (0x4)
                0x08004000                PROVIDE (mios32_sys_isr_vector, _mios32_sys_isr_vector)

.flashtext      0x08010000        0x0
                0x08010000                . = ALIGN (0x4)
 *(.flashtext)
                0x08010000                . = ALIGN (0x4)

.text           0x08010000    0x2ec38
                0x08010000                . = ALIGN (0x4)
 CREATE_OBJECT_SYMBOLS
 *(.text .text.* .gnu.linkonce.t.*)
 .text.APP_SRIO_ServiceFinish
                0x08010000       0x50 project_build/src/app.o
                0x08010000                APP_SRIO_ServiceFinish
 .text.APP_SYSEX_Parser
                0x08010050       0x26 project_build/src/app.o
                0x08010050                APP_SYSEX_Parser
 *fill*         0x08010076        0x2 00
 .text.APP_AINSER_NotifyChange
                0x08010078       0x14 project_build/src/app.o
 .text.NOTIFY_MIDI_TimeOut
                0x0801008c       0x20 project_build/src/app.o
 .text.NOTIFY_MIDI_Tx
                0x080100ac        0x4 project_build/src/app.o
 .text.NOTIFY_MIDI_Rx
                0x080100b0       0x16 project_build/src/app.o
 *fill*         0x080100c6        0x2 00
 .text.APP_Init
                0x080100c8      0x15c project_build/src/app.o
                0x080100c8                APP_Init
 .text.APP_Background
                0x08010224      0x318 project_build/src/app.o
                0x08010224                APP_Background
 .text.APP_Tick
                0x0801053c       0x3c project_build/src/app.o
                0x0801053c                APP_Tick
 .text.APP_MIDI_Tick
                0x08010578        0x4 project_build/src/app.o
                0x08010578                APP_MIDI_Tick
 .text.APP_MIDI_NotifyPackage
                0x0801057c       0x60 project_build/src/app.o
                0x0801057c                APP_MIDI_NotifyPackage
 .text.APP_SRIO_ServiceFinishBeforeDINCompare
                0x080105dc       0x74 project_build/src/app.o
                0x080105dc                APP_SRIO_ServiceFinishBeforeDINCompare
 .text.APP_DIN_NotifyToggle
                0x08010650       0x10 project_build/src/app.o
                0x08010650                APP_DIN_NotifyToggle
 .text.APP_ENC_NotifyChange
                0x08010660        0xe project_build/src/app.o
                0x08010660                APP_ENC_NotifyChange
 *fill*         0x0801066e        0x2 00
 .text.APP_AIN_NotifyChange
                0x08010670       0x14 project_build/src/app.o
                0x08010670                APP_AIN_NotifyChange
 .text.TASK_MSD_EnableSet
                0x08010684       0x30 project_build/src/app.o
                0x08010684                TASK_MSD_EnableSet
 .text.TASK_MSD_EnableGet
                0x080106b4       0x14 project_build/src/app.o
                0x080106b4                TASK_MSD_EnableGet
 .text.TASK_MSD_FlagStrGet
                0x080106c8       0x48 project_build/src/app.o
                0x080106c8                TASK_MSD_FlagStrGet
 .text.APP_J16SemaphoreTake
                0x08010710       0x28 project_build/src/app.o
                0x08010710                APP_J16SemaphoreTake
 .text.APP_J16SemaphoreGive
                0x08010738       0x1c project_build/src/app.o
                0x08010738                APP_J16SemaphoreGive
 .text.APP_MUTEX_MIDIOUT_Take
                0x08010754       0x1c project_build/src/app.o
                0x08010754                APP_MUTEX_MIDIOUT_Take
 .text.APP_MUTEX_MIDIOUT_Give
                0x08010770       0x10 project_build/src/app.o
                0x08010770                APP_MUTEX_MIDIOUT_Give
 .text.APP_MUTEX_MIDIIN_Take
                0x08010780       0x18 project_build/src/app.o
                0x08010780                APP_MUTEX_MIDIIN_Take
 .text.APP_MUTEX_MIDIIN_Give
                0x08010798        0xc project_build/src/app.o
                0x08010798                APP_MUTEX_MIDIIN_Give
 .text.MBNG_SYSEX_Init
                0x080107a4       0x1c project_build/src/mbng_sysex.o
                0x080107a4                MBNG_SYSEX_Init
 .text.MBNG_SYSEX_SendAck
                0x080107c0       0x38 project_build/src/mbng_sysex.o
                0x080107c0                MBNG_SYSEX_SendAck
 .text.MBNG_SYSEX_Cmd.isra.2
                0x080107f8       0x44 project_build/src/mbng_sysex.o
 .text.MBNG_SYSEX_TimeOut
                0x0801083c       0x30 project_build/src/mbng_sysex.o
                0x0801083c                MBNG_SYSEX_TimeOut
 .text.MBNG_SYSEX_Parser
                0x0801086c       0xa4 project_build/src/mbng_sysex.o
                0x0801086c                MBNG_SYSEX_Parser
 .text.MBNG_PATCH_Init
                0x08010910      0x1d8 project_build/src/mbng_patch.o
                0x08010910                MBNG_PATCH_Init
 .text.MBNG_PATCH_Load
                0x08010ae8       0x54 project_build/src/mbng_patch.o
                0x08010ae8                MBNG_PATCH_Load
 .text.MBNG_PATCH_Store
                0x08010b3c       0x34 project_build/src/mbng_patch.o
                0x08010b3c                MBNG_PATCH_Store
 .text.MBNG_EVENT_ItemCopy2User
                0x08010b70      0x188 project_build/src/mbng_event.o
 .text.MBNG_EVENT_LCMeters_Update
                0x08010cf8       0x60 project_build/src/mbng_event.o
 .text.MBNG_EVENT_ItemCalcPoolItemLen
                0x08010d58       0x76 project_build/src/mbng_event.o
 .text.MBNG_EVENT_ItemCopy2Pool
                0x08010dce      0x1d8 project_build/src/mbng_event.o
 *fill*         0x08010fa6        0x2 00
 .text.MBNG_EVENT_Tick
                0x08010fa8       0x9c project_build/src/mbng_event.o
                0x08010fa8                MBNG_EVENT_Tick
 .text.MBNG_EVENT_PoolClear
                0x08011044       0x40 project_build/src/mbng_event.o
                0x08011044                MBNG_EVENT_PoolClear
 .text.MBNG_EVENT_PoolUpdate
                0x08011084       0x5c project_build/src/mbng_event.o
                0x08011084                MBNG_EVENT_PoolUpdate
 .text.MBNG_EVENT_PoolPrint
                0x080110e0       0x2c project_build/src/mbng_event.o
                0x080110e0                MBNG_EVENT_PoolPrint
 .text.MBNG_EVENT_PoolMapsPrint
                0x0801110c      0x12c project_build/src/mbng_event.o
                0x0801110c                MBNG_EVENT_PoolMapsPrint
 .text.MBNG_EVENT_PoolNumItemsGet
                0x08011238        0xc project_build/src/mbng_event.o
                0x08011238                MBNG_EVENT_PoolNumItemsGet
 .text.MBNG_EVENT_PoolNumMapsGet
                0x08011244        0xc project_build/src/mbng_event.o
                0x08011244                MBNG_EVENT_PoolNumMapsGet
 .text.MBNG_EVENT_PoolSizeGet
                0x08011250        0xc project_build/src/mbng_event.o
                0x08011250                MBNG_EVENT_PoolSizeGet
 .text.MBNG_EVENT_PoolMaxSizeGet
                0x0801125c        0x6 project_build/src/mbng_event.o
                0x0801125c                MBNG_EVENT_PoolMaxSizeGet
 *fill*         0x08011262        0x2 00
 .text.MBNG_EVENT_MapAdd
                0x08011264       0x50 project_build/src/mbng_event.o
                0x08011264                MBNG_EVENT_MapAdd
 .text.MBNG_EVENT_MapGet
                0x080112b4       0x44 project_build/src/mbng_event.o
                0x080112b4                MBNG_EVENT_MapGet
 .text.MBNG_EVENT_MapValue
                0x080112f8      0x1b6 project_build/src/mbng_event.o
                0x080112f8                MBNG_EVENT_MapValue
 .text.MBNG_EVENT_MapIxFromValue
                0x080114ae       0x80 project_build/src/mbng_event.o
                0x080114ae                MBNG_EVENT_MapIxFromValue
 *fill*         0x0801152e        0x2 00
 .text.MBNG_EVENT_SelectedBankGet
                0x08011530        0xc project_build/src/mbng_event.o
                0x08011530                MBNG_EVENT_SelectedBankGet
 .text.MBNG_EVENT_HwIdBankGet
                0x0801153c       0x40 project_build/src/mbng_event.o
                0x0801153c                MBNG_EVENT_HwIdBankGet
 .text.MBNG_EVENT_ItemNoDumpDefault
                0x0801157c       0x6e project_build/src/mbng_event.o
                0x0801157c                MBNG_EVENT_ItemNoDumpDefault
 .text.MBNG_EVENT_ItemInit
                0x080115ea       0xb6 project_build/src/mbng_event.o
                0x080115ea                MBNG_EVENT_ItemInit
 .text.MBNG_EVENT_ItemGet
                0x080116a0       0x34 project_build/src/mbng_event.o
                0x080116a0                MBNG_EVENT_ItemGet
 .text.MBNG_EVENT_ItemAdd
                0x080116d4       0x7c project_build/src/mbng_event.o
                0x080116d4                MBNG_EVENT_ItemAdd
 .text.MBNG_EVENT_ItemModify
                0x08011750       0xdc project_build/src/mbng_event.o
                0x08011750                MBNG_EVENT_ItemModify
 .text.MBNG_EVENT_ItemSearchById
                0x0801182c       0x60 project_build/src/mbng_event.o
                0x0801182c                MBNG_EVENT_ItemSearchById
 .text.MBNG_EVENT_ItemSearchByHwId
                0x0801188c       0x68 project_build/src/mbng_event.o
                0x0801188c                MBNG_EVENT_ItemSearchByHwId
 .text.MBNG_EVENT_ItemRetrieveValues
                0x080118f4       0x54 project_build/src/mbng_event.o
                0x080118f4                MBNG_EVENT_ItemRetrieveValues
 .text.MBNG_EVENT_ItemCopyValueToPool
                0x08011948       0x34 project_build/src/mbng_event.o
                0x08011948                MBNG_EVENT_ItemCopyValueToPool
 .text.MBNG_EVENT_ItemSetNoDump
                0x0801197c       0x2c project_build/src/mbng_event.o
                0x0801197c                MBNG_EVENT_ItemSetNoDump
 .text.MBNG_EVENT_ItemSetLock
                0x080119a8       0x20 project_build/src/mbng_event.o
                0x080119a8                MBNG_EVENT_ItemSetLock
 .text.MBNG_EVENT_ItemSetMapIx
                0x080119c8       0x1c project_build/src/mbng_event.o
                0x080119c8                MBNG_EVENT_ItemSetMapIx
 .text.MBNG_EVENT_MapItemValueInc
                0x080119e4       0xc2 project_build/src/mbng_event.o
                0x080119e4                MBNG_EVENT_MapItemValueInc
 *fill*         0x08011aa6        0x2 00
 .text.MBNG_EVENT_ItemCheckMatchingCondition
                0x08011aa8       0xbc project_build/src/mbng_event.o
                0x08011aa8                MBNG_EVENT_ItemCheckMatchingCondition
 .text.MBNG_EVENT_LCMeters_Init
                0x08011b64       0x28 project_build/src/mbng_event.o
                0x08011b64                MBNG_EVENT_LCMeters_Init
 .text.MBNG_EVENT_MidiLearnModeSet
                0x08011b8c       0x50 project_build/src/mbng_event.o
                0x08011b8c                MBNG_EVENT_MidiLearnModeSet
 .text.MBNG_EVENT_Init
                0x08011bdc      0x1bc project_build/src/mbng_event.o
                0x08011bdc                MBNG_EVENT_Init
 .text.MBNG_EVENT_MidiLearnModeGet
                0x08011d98        0xc project_build/src/mbng_event.o
                0x08011d98                MBNG_EVENT_MidiLearnModeGet
 .text.MBNG_EVENT_MidiLearnStatusMsg
                0x08011da4       0xa8 project_build/src/mbng_event.o
                0x08011da4                MBNG_EVENT_MidiLearnStatusMsg
 .text.MBNG_EVENT_EventLearnIdSet
                0x08011e4c       0x3c project_build/src/mbng_event.o
                0x08011e4c                MBNG_EVENT_EventLearnIdSet
 .text.MBNG_EVENT_EventLearnIdGet
                0x08011e88        0xc project_build/src/mbng_event.o
                0x08011e88                MBNG_EVENT_EventLearnIdGet
 .text.MBNG_EVENT_ItemControllerStrGet
                0x08011e94       0xd0 project_build/src/mbng_event.o
                0x08011e94                MBNG_EVENT_ItemControllerStrGet
 .text.MBNG_EVENT_EventLearnIt
                0x08011f64      0x22c project_build/src/mbng_event.o
                0x08011f64                MBNG_EVENT_EventLearnIt
 .text.MBNG_EVENT_EventLearnStatusMsg
                0x08012190       0x98 project_build/src/mbng_event.o
                0x08012190                MBNG_EVENT_EventLearnStatusMsg
 .text.MBNG_EVENT_MidiLearnIt
                0x08012228      0x2d0 project_build/src/mbng_event.o
                0x08012228                MBNG_EVENT_MidiLearnIt
 .text.MBNG_EVENT_ItemIdFromControllerStrGet
                0x080124f8      0x124 project_build/src/mbng_event.o
                0x080124f8                MBNG_EVENT_ItemIdFromControllerStrGet
 .text.MBNG_EVENT_ItemTypeStrGet
                0x0801261c       0x20 project_build/src/mbng_event.o
                0x0801261c                MBNG_EVENT_ItemTypeStrGet
 .text.MBNG_EVENT_ItemTypeFromStrGet
                0x0801263c       0xf0 project_build/src/mbng_event.o
                0x0801263c                MBNG_EVENT_ItemTypeFromStrGet
 .text.MBNG_EVENT_ItemConditionStrGet
                0x0801272c       0x20 project_build/src/mbng_event.o
                0x0801272c                MBNG_EVENT_ItemConditionStrGet
 .text.MBNG_EVENT_ItemConditionFromStrGet
                0x0801274c       0x98 project_build/src/mbng_event.o
                0x0801274c                MBNG_EVENT_ItemConditionFromStrGet
 .text.MBNG_EVENT_ItemButtonModeStrGet
                0x080127e4       0x24 project_build/src/mbng_event.o
                0x080127e4                MBNG_EVENT_ItemButtonModeStrGet
 .text.MBNG_EVENT_ItemButtonModeFromStrGet
                0x08012808       0x3c project_build/src/mbng_event.o
                0x08012808                MBNG_EVENT_ItemButtonModeFromStrGet
 .text.MBNG_EVENT_ItemAinModeStrGet
                0x08012844       0x24 project_build/src/mbng_event.o
                0x08012844                MBNG_EVENT_ItemAinModeStrGet
 .text.MBNG_EVENT_ItemAinModeFromStrGet
                0x08012868       0x74 project_build/src/mbng_event.o
                0x08012868                MBNG_EVENT_ItemAinModeFromStrGet
 .text.MBNG_EVENT_ItemAinSensorModeStrGet
                0x080128dc       0x1c project_build/src/mbng_event.o
                0x080128dc                MBNG_EVENT_ItemAinSensorModeStrGet
 .text.MBNG_EVENT_ItemAinSensorModeFromStrGet
                0x080128f8       0x28 project_build/src/mbng_event.o
                0x080128f8                MBNG_EVENT_ItemAinSensorModeFromStrGet
 .text.MBNG_EVENT_ItemEncModeStrGet
                0x08012920       0x1c project_build/src/mbng_event.o
                0x08012920                MBNG_EVENT_ItemEncModeStrGet
 .text.MBNG_EVENT_ItemEncModeFromStrGet
                0x0801293c       0x84 project_build/src/mbng_event.o
                0x0801293c                MBNG_EVENT_ItemEncModeFromStrGet
 .text.MBNG_EVENT_ItemEncSpeedModeStrGet
                0x080129c0       0x24 project_build/src/mbng_event.o
                0x080129c0                MBNG_EVENT_ItemEncSpeedModeStrGet
 .text.MBNG_EVENT_ItemEncSpeedModeFromStrGet
                0x080129e4       0x50 project_build/src/mbng_event.o
                0x080129e4                MBNG_EVENT_ItemEncSpeedModeFromStrGet
 .text.MBNG_EVENT_ItemLedMatrixPatternStrGet
                0x08012a34       0x24 project_build/src/mbng_event.o
                0x08012a34                MBNG_EVENT_ItemLedMatrixPatternStrGet
 .text.MBNG_EVENT_ItemLedMatrixPatternFromStrGet
                0x08012a58       0xf0 project_build/src/mbng_event.o
                0x08012a58                MBNG_EVENT_ItemLedMatrixPatternFromStrGet
 .text.MBNG_EVENT_ItemNrpnFormatStrGet
                0x08012b48       0x28 project_build/src/mbng_event.o
                0x08012b48                MBNG_EVENT_ItemNrpnFormatStrGet
 .text.MBNG_EVENT_ItemNrpnFormatFromStrGet
                0x08012b70       0x3c project_build/src/mbng_event.o
                0x08012b70                MBNG_EVENT_ItemNrpnFormatFromStrGet
 .text.MBNG_EVENT_ItemSysExVarStrGet
                0x08012bac       0x28 project_build/src/mbng_event.o
                0x08012bac                MBNG_EVENT_ItemSysExVarStrGet
 .text.MBNG_EVENT_ItemSysExVarFromStrGet
                0x08012bd4      0x1a4 project_build/src/mbng_event.o
                0x08012bd4                MBNG_EVENT_ItemSysExVarFromStrGet
 .text.MBNG_EVENT_ItemMetaTypeStrGet
                0x08012d78       0x1c project_build/src/mbng_event.o
                0x08012d78                MBNG_EVENT_ItemMetaTypeStrGet
 .text.MBNG_EVENT_ItemMetaTypeFromStrGet
                0x08012d94      0x4b8 project_build/src/mbng_event.o
                0x08012d94                MBNG_EVENT_ItemMetaTypeFromStrGet
 .text.MBNG_EVENT_ItemMetaNumBytesGet
                0x0801324c       0x18 project_build/src/mbng_event.o
                0x0801324c                MBNG_EVENT_ItemMetaNumBytesGet
 .text.MBNG_EVENT_ItemPrint
                0x08013264      0x63c project_build/src/mbng_event.o
                0x08013264                MBNG_EVENT_ItemPrint
 .text.MBNG_EVENT_ItemSearchByHwIdAndPrint
                0x080138a0       0x44 project_build/src/mbng_event.o
                0x080138a0                MBNG_EVENT_ItemSearchByHwIdAndPrint
 .text.MBNG_EVENT_ItemSearchByIdAndPrint
                0x080138e4       0x44 project_build/src/mbng_event.o
                0x080138e4                MBNG_EVENT_ItemSearchByIdAndPrint
 .text.MBNG_EVENT_PoolItemsPrint
                0x08013928       0x54 project_build/src/mbng_event.o
                0x08013928                MBNG_EVENT_PoolItemsPrint
 .text.MBNG_EVENT_SendOptimizedNRPN
                0x0801397c      0x148 project_build/src/mbng_event.o
                0x0801397c                MBNG_EVENT_SendOptimizedNRPN
 .text.MBNG_EVENT_SendSysExStream
                0x08013ac4      0x194 project_build/src/mbng_event.o
                0x08013ac4                MBNG_EVENT_SendSysExStream
 .text.MBNG_EVENT_UpdateLCD
                0x08013c58       0x80 project_build/src/mbng_event.o
                0x08013c58                MBNG_EVENT_UpdateLCD
 .text.MBNG_EVENT_Dump
                0x08013cd8       0x5c project_build/src/mbng_event.o
                0x08013cd8                MBNG_EVENT_Dump
 .text.MBNG_EVENT_ExecMeta
                0x08013d34      0x4e0 project_build/src/mbng_event.o
                0x08013d34                MBNG_EVENT_ExecMeta
 .text.MBNG_EVENT_ItemSend
                0x08014214      0x2b0 project_build/src/mbng_event.o
                0x08014214                MBNG_EVENT_ItemSend
 .text.MBNG_EVENT_ItemForwardToRadioGroup
                0x080144c4      0x11c project_build/src/mbng_event.o
                0x080144c4                MBNG_EVENT_ItemForwardToRadioGroup
 .text.MBNG_EVENT_ItemReceive
                0x080145e0      0x2d4 project_build/src/mbng_event.o
                0x080145e0                MBNG_EVENT_ItemReceive
 .text.MBNG_EVENT_NotifySyxDump
                0x080148b4       0x5c project_build/src/mbng_event.o
 .text.MBNG_EVENT_Refresh
                0x08014910       0x58 project_build/src/mbng_event.o
                0x08014910                MBNG_EVENT_Refresh
 .text.MBNG_EVENT_SelectedBankSet
                0x08014968       0x54 project_build/src/mbng_event.o
                0x08014968                MBNG_EVENT_SelectedBankSet
 .text.MBNG_EVENT_ItemSendVirtual
                0x080149bc       0x86 project_build/src/mbng_event.o
                0x080149bc                MBNG_EVENT_ItemSendVirtual
 *fill*         0x08014a42        0x2 00
 .text.MBNG_EVENT_ItemForward
                0x08014a44       0xd8 project_build/src/mbng_event.o
                0x08014a44                MBNG_EVENT_ItemForward
 .text.MBNG_EVENT_ItemSetActive
                0x08014b1c       0x54 project_build/src/mbng_event.o
                0x08014b1c                MBNG_EVENT_ItemSetActive
 .text.MBNG_EVENT_HwIdBankSet
                0x08014b70       0x70 project_build/src/mbng_event.o
                0x08014b70                MBNG_EVENT_HwIdBankSet
 .text.MBNG_EVENT_NotifySendValue
                0x08014be0      0x100 project_build/src/mbng_event.o
                0x08014be0                MBNG_EVENT_NotifySendValue
 .text.MBNG_EVENT_MIDI_NotifyPackage
                0x08014ce0      0x5b0 project_build/src/mbng_event.o
                0x08014ce0                MBNG_EVENT_MIDI_NotifyPackage
 .text.MBNG_EVENT_ReceiveSysEx
                0x08015290      0x3a0 project_build/src/mbng_event.o
                0x08015290                MBNG_EVENT_ReceiveSysEx
 .text.MBNG_DIN_Init
                0x08015630        0xc project_build/src/mbng_din.o
                0x08015630                MBNG_DIN_Init
 .text.MBNG_DIN_NotifyToggle
                0x0801563c      0x150 project_build/src/mbng_din.o
                0x0801563c                MBNG_DIN_NotifyToggle
 .text.MBNG_DIN_NotifyReceivedValue
                0x0801578c       0x28 project_build/src/mbng_din.o
                0x0801578c                MBNG_DIN_NotifyReceivedValue
 .text.MBNG_DOUT_Init
                0x080157b4       0x20 project_build/src/mbng_dout.o
                0x080157b4                MBNG_DOUT_Init
 .text.MBNG_DOUT_NotifyReceivedValue
                0x080157d4      0x1f0 project_build/src/mbng_dout.o
                0x080157d4                MBNG_DOUT_NotifyReceivedValue
 .text.MBNG_DIO_Init
                0x080159c4        0xc project_build/src/mbng_dio.o
                0x080159c4                MBNG_DIO_Init
 .text.MBNG_DIO_PortNameGet
                0x080159d0       0x2c project_build/src/mbng_dio.o
                0x080159d0                MBNG_DIO_PortNameGet
 .text.MBNG_DIO_PortInit
                0x080159fc       0x38 project_build/src/mbng_dio.o
                0x080159fc                MBNG_DIO_PortInit
 .text.MBNG_DIO_PortGet
                0x08015a34       0x1a project_build/src/mbng_dio.o
                0x08015a34                MBNG_DIO_PortGet
 .text.MBNG_DIO_PortSet
                0x08015a4e       0x22 project_build/src/mbng_dio.o
                0x08015a4e                MBNG_DIO_PortSet
 .text.MBNG_RGBLED_Init
                0x08015a70       0x16 project_build/src/mbng_rgbled.o
                0x08015a70                MBNG_RGBLED_Init
 *fill*         0x08015a86        0x2 00
 .text.MBNG_RGBLED_Periodic_1mS
                0x08015a88       0x90 project_build/src/mbng_rgbled.o
                0x08015a88                MBNG_RGBLED_Periodic_1mS
 .text.MBNG_RGBLED_RainbowSpeedSet
                0x08015b18        0xc project_build/src/mbng_rgbled.o
                0x08015b18                MBNG_RGBLED_RainbowSpeedSet
 .text.MBNG_RGBLED_RainbowBrightnessSet
                0x08015b24       0x14 project_build/src/mbng_rgbled.o
                0x08015b24                MBNG_RGBLED_RainbowBrightnessSet
 .text.MBNG_RGBLED_NotifyReceivedValue
                0x08015b38      0x208 project_build/src/mbng_rgbled.o
                0x08015b38                MBNG_RGBLED_NotifyReceivedValue
 .text.MBNG_ENC_Init
                0x08015d40       0x54 project_build/src/mbng_enc.o
                0x08015d40                MBNG_ENC_Init
 .text.MBNG_ENC_FastModeSet
                0x08015d94        0xc project_build/src/mbng_enc.o
                0x08015d94                MBNG_ENC_FastModeSet
 .text.MBNG_ENC_AutoSpeed
                0x08015da0       0xbc project_build/src/mbng_enc.o
                0x08015da0                MBNG_ENC_AutoSpeed
 .text.MBNG_ENC_NotifyChange
                0x08015e5c      0x1bc project_build/src/mbng_enc.o
                0x08015e5c                MBNG_ENC_NotifyChange
 .text.MBNG_ENC_NotifyReceivedValue
                0x08016018       0x28 project_build/src/mbng_enc.o
                0x08016018                MBNG_ENC_NotifyReceivedValue
 .text.MBNG_AIN_Init
                0x08016040       0x28 project_build/src/mbng_ain.o
                0x08016040                MBNG_AIN_Init
 .text.MBNG_AIN_HandleCalibration
                0x08016068       0x88 project_build/src/mbng_ain.o
                0x08016068                MBNG_AIN_HandleCalibration
 .text.MBNG_AIN_HandleAinMode
                0x080160f0      0x1fc project_build/src/mbng_ain.o
                0x080160f0                MBNG_AIN_HandleAinMode
 .text.MBNG_AIN_NotifyChange
                0x080162ec      0x144 project_build/src/mbng_ain.o
                0x080162ec                MBNG_AIN_NotifyChange
 .text.MBNG_AIN_Periodic
                0x08016430       0x34 project_build/src/mbng_ain.o
                0x08016430                MBNG_AIN_Periodic
 .text.MBNG_AIN_NotifyReceivedValue
                0x08016464       0x28 project_build/src/mbng_ain.o
                0x08016464                MBNG_AIN_NotifyReceivedValue
 .text.MBNG_AINSER_Init
                0x0801648c        0xc project_build/src/mbng_ainser.o
                0x0801648c                MBNG_AINSER_Init
 .text.MBNG_AINSER_NotifyChange
                0x08016498      0x128 project_build/src/mbng_ainser.o
                0x08016498                MBNG_AINSER_NotifyChange
 .text.MBNG_AINSER_NotifyReceivedValue
                0x080165c0       0x28 project_build/src/mbng_ainser.o
                0x080165c0                MBNG_AINSER_NotifyReceivedValue
 .text.MBNG_KB_Init
                0x080165e8       0x7c project_build/src/mbng_kb.o
                0x080165e8                MBNG_KB_Init
 .text.MBNG_KB_NotifyToggle
                0x08016664      0x1e4 project_build/src/mbng_kb.o
                0x08016664                MBNG_KB_NotifyToggle
 .text.MBNG_KB_NotifyReceivedValue
                0x08016848       0x28 project_build/src/mbng_kb.o
                0x08016848                MBNG_KB_NotifyReceivedValue
 .text.MBNG_KB_BreakIsMakeSet
                0x08016870       0x2c project_build/src/mbng_kb.o
                0x08016870                MBNG_KB_BreakIsMakeSet
 .text.MBNG_KB_AllNotesOff
                0x0801689c       0x98 project_build/src/mbng_kb.o
                0x0801689c                MBNG_KB_AllNotesOff
 .text.Hlp_DOUT_PatternTransfer
                0x08016934      0x150 project_build/src/mbng_matrix.o
 .text.MBNG_MATRIX_Init
                0x08016a84       0xa8 project_build/src/mbng_matrix.o
                0x08016a84                MBNG_MATRIX_Init
 .text.MBNG_MATRIX_LedMatrixChanged
                0x08016b2c      0x134 project_build/src/mbng_matrix.o
                0x08016b2c                MBNG_MATRIX_LedMatrixChanged
 .text.MBNG_MATRIX_ButtonMatrixChanged
                0x08016c60       0xb0 project_build/src/mbng_matrix.o
                0x08016c60                MBNG_MATRIX_ButtonMatrixChanged
 .text.MBNG_MATRIX_SRIO_ParametersChanged
                0x08016d10       0x22 project_build/src/mbng_matrix.o
                0x08016d10                MBNG_MATRIX_SRIO_ParametersChanged
 *fill*         0x08016d32        0x2 00
 .text.MBNG_MATRIX_PatternSet
                0x08016d34       0x28 project_build/src/mbng_matrix.o
                0x08016d34                MBNG_MATRIX_PatternSet
 .text.MBNG_MATRIX_PatternGet
                0x08016d5c       0x20 project_build/src/mbng_matrix.o
                0x08016d5c                MBNG_MATRIX_PatternGet
 .text.MBNG_MATRIX_LcMeterPatternSet
                0x08016d7c       0x18 project_build/src/mbng_matrix.o
                0x08016d7c                MBNG_MATRIX_LcMeterPatternSet
 .text.MBNG_MATRIX_LcMeterPatternGet
                0x08016d94       0x14 project_build/src/mbng_matrix.o
                0x08016d94                MBNG_MATRIX_LcMeterPatternGet
 .text.MBNG_MATRIX_DOUT_PinSet
                0x08016da8      0x164 project_build/src/mbng_matrix.o
                0x08016da8                MBNG_MATRIX_DOUT_PinSet
 .text.MBNG_MATRIX_DOUT_PatternSet
                0x08016f0c       0x40 project_build/src/mbng_matrix.o
                0x08016f0c                MBNG_MATRIX_DOUT_PatternSet
 .text.MBNG_MATRIX_DOUT_PatternSet_LC
                0x08016f4c       0x40 project_build/src/mbng_matrix.o
                0x08016f4c                MBNG_MATRIX_DOUT_PatternSet_LC
 .text.MBNG_MATRIX_DOUT_PatternSet_LCMeter
                0x08016f8c       0x2c project_build/src/mbng_matrix.o
                0x08016f8c                MBNG_MATRIX_DOUT_PatternSet_LCMeter
 .text.MBNG_MATRIX_DOUT_PatternSet_Digit
                0x08016fb8       0x38 project_build/src/mbng_matrix.o
                0x08016fb8                MBNG_MATRIX_DOUT_PatternSet_Digit
 .text.MBNG_MATRIX_GetRow
                0x08016ff0      0x140 project_build/src/mbng_matrix.o
                0x08016ff0                MBNG_MATRIX_GetRow
 .text.MBNG_MATRIX_ButtonHandler
                0x08017130      0x15c project_build/src/mbng_matrix.o
                0x08017130                MBNG_MATRIX_ButtonHandler
 .text.MBNG_MATRIX_MAX72xx_Update
                0x0801728c       0x94 project_build/src/mbng_matrix.o
                0x0801728c                MBNG_MATRIX_MAX72xx_Update
 .text.MBNG_MATRIX_DIN_NotifyReceivedValue
                0x08017320       0x28 project_build/src/mbng_matrix.o
                0x08017320                MBNG_MATRIX_DIN_NotifyReceivedValue
 .text.MBNG_MATRIX_DOUT_NotifyReceivedValue
                0x08017348      0x354 project_build/src/mbng_matrix.o
                0x08017348                MBNG_MATRIX_DOUT_NotifyReceivedValue
 .text.MBNG_CV_PinSet
                0x0801769c       0x4c project_build/src/mbng_cv.o
 .text.MBNG_CV_Update
                0x080176e8        0xa project_build/src/mbng_cv.o
                0x080176e8                MBNG_CV_Update
 .text.MBNG_CV_PitchRangeSet
                0x080176f2        0x4 project_build/src/mbng_cv.o
                0x080176f2                MBNG_CV_PitchRangeSet
 .text.MBNG_CV_PitchSet
                0x080176f6        0x4 project_build/src/mbng_cv.o
                0x080176f6                MBNG_CV_PitchSet
 *fill*         0x080176fa        0x2 00
 .text.MBNG_CV_TransposeOctaveSet
                0x080176fc       0x28 project_build/src/mbng_cv.o
                0x080176fc                MBNG_CV_TransposeOctaveSet
 .text.MBNG_CV_TransposeSemitonesSet
                0x08017724       0x28 project_build/src/mbng_cv.o
                0x08017724                MBNG_CV_TransposeSemitonesSet
 .text.MBNG_CV_NotifyReceivedValue
                0x0801774c      0x184 project_build/src/mbng_cv.o
                0x0801774c                MBNG_CV_NotifyReceivedValue
 .text.MBNG_CV_ResetAllChannels
                0x080178d0       0x68 project_build/src/mbng_cv.o
                0x080178d0                MBNG_CV_ResetAllChannels
 .text.MBNG_CV_Init
                0x08017938       0x14 project_build/src/mbng_cv.o
                0x08017938                MBNG_CV_Init
 .text.MBNG_MF_Init
                0x0801794c       0x60 project_build/src/mbng_mf.o
                0x0801794c                MBNG_MF_Init
 .text.MBNG_MF_MIDI_NotifyPackage
                0x080179ac      0x244 project_build/src/mbng_mf.o
                0x080179ac                MBNG_MF_MIDI_NotifyPackage
 .text.MBNG_MF_ReceiveSysEx
                0x08017bf0       0xac project_build/src/mbng_mf.o
                0x08017bf0                MBNG_MF_ReceiveSysEx
 .text.MBNG_MF_NotifyReceivedValue
                0x08017c9c       0xec project_build/src/mbng_mf.o
                0x08017c9c                MBNG_MF_NotifyReceivedValue
 .text.MBNG_LCD_StreamFormattedString
                0x08017d88       0x34 project_build/src/mbng_lcd.o
 .text.MBNG_LCD_Clear
                0x08017dbc       0x48 project_build/src/mbng_lcd.o
                0x08017dbc                MBNG_LCD_Clear
 .text.MBNG_LCD_FontInit
                0x08017e04       0x9c project_build/src/mbng_lcd.o
                0x08017e04                MBNG_LCD_FontInit
 .text.MBNG_LCD_FontGet
                0x08017ea0        0xc project_build/src/mbng_lcd.o
                0x08017ea0                MBNG_LCD_FontGet
 .text.MBNG_LCD_CursorSet
                0x08017eac      0x108 project_build/src/mbng_lcd.o
                0x08017eac                MBNG_LCD_CursorSet
 .text.MBNG_LCD_PrintChar
                0x08017fb4       0xec project_build/src/mbng_lcd.o
                0x08017fb4                MBNG_LCD_PrintChar
 .text.MBNG_LCD_PrintString
                0x080180a0       0x34 project_build/src/mbng_lcd.o
                0x080180a0                MBNG_LCD_PrintString
 .text.MBNG_LCD_PrintFormattedString
                0x080180d4       0x24 project_build/src/mbng_lcd.o
                0x080180d4                MBNG_LCD_PrintFormattedString
 .text.MBNG_LCD_PrintSpaces
                0x080180f8       0x18 project_build/src/mbng_lcd.o
                0x080180f8                MBNG_LCD_PrintSpaces
 .text.MBNG_LCD_ClearScreenOnNextMessage
                0x08018110        0xc project_build/src/mbng_lcd.o
                0x08018110                MBNG_LCD_ClearScreenOnNextMessage
 .text.MBNG_LCD_PrintItemLabel
                0x0801811c      0x730 project_build/src/mbng_lcd.o
                0x0801811c                MBNG_LCD_PrintItemLabel
 .text.MBNG_LCD_SpecialCharsInit
                0x0801884c       0x64 project_build/src/mbng_lcd.o
                0x0801884c                MBNG_LCD_SpecialCharsInit
 .text.MBNG_LCD_Init
                0x080188b0       0xec project_build/src/mbng_lcd.o
                0x080188b0                MBNG_LCD_Init
 .text.MBNG_LCD_SpecialCharsReInit
                0x0801899c       0x10 project_build/src/mbng_lcd.o
                0x0801899c                MBNG_LCD_SpecialCharsReInit
 .text.MBNG_SEQ_Reset
                0x080189ac       0x18 project_build/src/mbng_seq.o
                0x080189ac                MBNG_SEQ_Reset
 .text.MBNG_SEQ_Handler
                0x080189c4       0xa0 project_build/src/mbng_seq.o
                0x080189c4                MBNG_SEQ_Handler
 .text.MBNG_SEQ_Init
                0x08018a64       0x2c project_build/src/mbng_seq.o
                0x08018a64                MBNG_SEQ_Init
 .text.MBNG_SEQ_PauseEnabled
                0x08018a90        0xc project_build/src/mbng_seq.o
                0x08018a90                MBNG_SEQ_PauseEnabled
 .text.MBNG_SEQ_PlayButton
                0x08018a9c       0x28 project_build/src/mbng_seq.o
                0x08018a9c                MBNG_SEQ_PlayButton
 .text.MBNG_SEQ_StopButton
                0x08018ac4       0x20 project_build/src/mbng_seq.o
                0x08018ac4                MBNG_SEQ_StopButton
 .text.MBNG_SEQ_PauseButton
                0x08018ae4       0x34 project_build/src/mbng_seq.o
                0x08018ae4                MBNG_SEQ_PauseButton
 .text.MBNG_SEQ_PlayStopButton
                0x08018b18       0x16 project_build/src/mbng_seq.o
                0x08018b18                MBNG_SEQ_PlayStopButton
 *fill*         0x08018b2e        0x2 00
 .text.MBNG_FILE_Init
                0x08018b30       0x3c project_build/src/mbng_file.o
                0x08018b30                MBNG_FILE_Init
 .text.MBNG_FILE_LoadAllFiles
                0x08018b6c       0x3c project_build/src/mbng_file.o
                0x08018b6c                MBNG_FILE_LoadAllFiles
 .text.MBNG_FILE_UnloadAllFiles
                0x08018ba8       0x22 project_build/src/mbng_file.o
                0x08018ba8                MBNG_FILE_UnloadAllFiles
 *fill*         0x08018bca        0x2 00
 .text.MBNG_FILE_CreateDefaultFiles
                0x08018bcc       0xd4 project_build/src/mbng_file.o
                0x08018bcc                MBNG_FILE_CreateDefaultFiles
 .text.MBNG_FILE_StatusMsgSet
                0x08018ca0       0x2c project_build/src/mbng_file.o
                0x08018ca0                MBNG_FILE_StatusMsgSet
 .text.MBNG_FILE_StatusMsgGet
                0x08018ccc       0x14 project_build/src/mbng_file.o
                0x08018ccc                MBNG_FILE_StatusMsgGet
 .text.remove_quotes
                0x08018ce0       0x26 project_build/src/mbng_file_c.o
 *fill*         0x08018d06        0x2 00
 .text.MBNG_FILE_C_Write_Hlp
                0x08018d08     0x1fd4 project_build/src/mbng_file_c.o
 .text.parseExtendedParameter
                0x0801acdc      0x144 project_build/src/mbng_file_c.o
 .text.get_dec  0x0801ae20       0x20 project_build/src/mbng_file_c.o
 .text.get_ip   0x0801ae40       0x50 project_build/src/mbng_file_c.o
 .text.parseMidiInPort
                0x0801ae90       0x74 project_build/src/mbng_file_c.o
 .text.parseMidiOutPort
                0x0801af04       0x74 project_build/src/mbng_file_c.o
 .text.parseSimpleValue.isra.0
                0x0801af78       0x3c project_build/src/mbng_file_c.o
 .text.get_bin.constprop.1
                0x0801afb4       0x26 project_build/src/mbng_file_c.o
 *fill*         0x0801afda        0x2 00
 .text.MBNG_FILE_C_Init
                0x0801afdc       0x14 project_build/src/mbng_file_c.o
                0x0801afdc                MBNG_FILE_C_Init
 .text.MBNG_FILE_C_Unload
                0x0801aff0       0x14 project_build/src/mbng_file_c.o
                0x0801aff0                MBNG_FILE_C_Unload
 .text.MBNG_FILE_C_Valid
                0x0801b004       0x10 project_build/src/mbng_file_c.o
                0x0801b004                MBNG_FILE_C_Valid
 .text.parseEvent
                0x0801b014     0x1310 project_build/src/mbng_file_c.o
                0x0801b014                parseEvent
 .text.parseMap
                0x0801c324      0x160 project_build/src/mbng_file_c.o
                0x0801c324                parseMap
 .text.parseSysExVar
                0x0801c484      0x12c project_build/src/mbng_file_c.o
                0x0801c484                parseSysExVar
 .text.parseEnc
                0x0801c5b0      0x238 project_build/src/mbng_file_c.o
                0x0801c5b0                parseEnc
 .text.parseDinMatrix
                0x0801c7e8      0x27c project_build/src/mbng_file_c.o
                0x0801c7e8                parseDinMatrix
 .text.parseDoutMatrix
                0x0801ca64      0x3fc project_build/src/mbng_file_c.o
                0x0801ca64                parseDoutMatrix
 .text.parseKeyboard
                0x0801ce60      0x3e0 project_build/src/mbng_file_c.o
                0x0801ce60                parseKeyboard
 .text.parseLedMatrixPattern
                0x0801d240      0x114 project_build/src/mbng_file_c.o
                0x0801d240                parseLedMatrixPattern
 .text.parseLcMeterPattern
                0x0801d354       0xb4 project_build/src/mbng_file_c.o
                0x0801d354                parseLcMeterPattern
 .text.parseAin
                0x0801d408      0x1c0 project_build/src/mbng_file_c.o
                0x0801d408                parseAin
 .text.parseAinSer
                0x0801d5c8      0x304 project_build/src/mbng_file_c.o
                0x0801d5c8                parseAinSer
 .text.parseMf  0x0801d8cc      0x1e4 project_build/src/mbng_file_c.o
                0x0801d8cc                parseMf
 .text.parseAout
                0x0801dab0      0x11c project_build/src/mbng_file_c.o
                0x0801dab0                parseAout
 .text.parseDio
                0x0801dbcc      0x19c project_build/src/mbng_file_c.o
                0x0801dbcc                parseDio
 .text.parseScs
                0x0801dd68      0x234 project_build/src/mbng_file_c.o
                0x0801dd68                parseScs
 .text.parseSrio
                0x0801df9c       0xb8 project_build/src/mbng_file_c.o
                0x0801df9c                parseSrio
 .text.parseRouter
                0x0801e054      0x148 project_build/src/mbng_file_c.o
                0x0801e054                parseRouter
 .text.parseEth
                0x0801e19c      0x104 project_build/src/mbng_file_c.o
                0x0801e19c                parseEth
 .text.parseOsc
                0x0801e2a0      0x1a4 project_build/src/mbng_file_c.o
                0x0801e2a0                parseOsc
 .text.MBNG_FILE_C_Parser
                0x0801e444      0x650 project_build/src/mbng_file_c.o
                0x0801e444                MBNG_FILE_C_Parser
 .text.MBNG_FILE_C_Read
                0x0801ea94      0x134 project_build/src/mbng_file_c.o
                0x0801ea94                MBNG_FILE_C_Read
 .text.MBNG_FILE_C_Load
                0x0801ebc8        0x4 project_build/src/mbng_file_c.o
                0x0801ebc8                MBNG_FILE_C_Load
 .text.MBNG_FILE_C_Write
                0x0801ebcc       0x84 project_build/src/mbng_file_c.o
                0x0801ebcc                MBNG_FILE_C_Write
 .text.MBNG_FILE_C_Debug
                0x0801ec50        0x6 project_build/src/mbng_file_c.o
                0x0801ec50                MBNG_FILE_C_Debug
 .text.getQuotedString
                0x0801ec56       0x88 project_build/src/mbng_file_l.o
 *fill*         0x0801ecde        0x2 00
 .text.MBNG_FILE_L_Write_Hlp
                0x0801ece0      0x250 project_build/src/mbng_file_l.o
 .text.MBNG_FILE_L_Unload
                0x0801ef30       0x1c project_build/src/mbng_file_l.o
                0x0801ef30                MBNG_FILE_L_Unload
 .text.MBNG_FILE_L_Init
                0x0801ef4c        0xa project_build/src/mbng_file_l.o
                0x0801ef4c                MBNG_FILE_L_Init
 *fill*         0x0801ef56        0x2 00
 .text.MBNG_FILE_L_Valid
                0x0801ef58       0x10 project_build/src/mbng_file_l.o
                0x0801ef58                MBNG_FILE_L_Valid
 .text.readBinFileMD5
                0x0801ef68       0x74 project_build/src/mbng_file_l.o
                0x0801ef68                readBinFileMD5
 .text.parseBinFile
                0x0801efdc      0x14c project_build/src/mbng_file_l.o
                0x0801efdc                parseBinFile
 .text.generateNglFileMD5
                0x0801f128       0x70 project_build/src/mbng_file_l.o
                0x0801f128                generateNglFileMD5
 .text.MBNG_FILE_L_Read
                0x0801f198      0x648 project_build/src/mbng_file_l.o
                0x0801f198                MBNG_FILE_L_Read
 .text.MBNG_FILE_L_Load
                0x0801f7e0        0x4 project_build/src/mbng_file_l.o
                0x0801f7e0                MBNG_FILE_L_Load
 .text.MBNG_FILE_L_Write
                0x0801f7e4       0x8c project_build/src/mbng_file_l.o
                0x0801f7e4                MBNG_FILE_L_Write
 .text.MBNG_FILE_L_GetLabel
                0x0801f870      0x2d0 project_build/src/mbng_file_l.o
                0x0801f870                MBNG_FILE_L_GetLabel
 .text.MBNG_FILE_S_Unload
                0x0801fb40       0x24 project_build/src/mbng_file_s.o
                0x0801fb40                MBNG_FILE_S_Unload
 .text.MBNG_FILE_S_Init
                0x0801fb64        0xa project_build/src/mbng_file_s.o
                0x0801fb64                MBNG_FILE_S_Init
 *fill*         0x0801fb6e        0x2 00
 .text.MBNG_FILE_S_Valid
                0x0801fb70       0x10 project_build/src/mbng_file_s.o
                0x0801fb70                MBNG_FILE_S_Valid
 .text.MBNG_FILE_S_SnapshotGet
                0x0801fb80        0xc project_build/src/mbng_file_s.o
                0x0801fb80                MBNG_FILE_S_SnapshotGet
 .text.MBNG_FILE_S_SnapshotSet
                0x0801fb8c       0x18 project_build/src/mbng_file_s.o
                0x0801fb8c                MBNG_FILE_S_SnapshotSet
 .text.MBNG_FILE_S_Write
                0x0801fba4      0x234 project_build/src/mbng_file_s.o
                0x0801fba4                MBNG_FILE_S_Write
 .text.MBNG_FILE_S_RequestDelayedSnapshot
                0x0801fdd8       0x10 project_build/src/mbng_file_s.o
                0x0801fdd8                MBNG_FILE_S_RequestDelayedSnapshot
 .text.MBNG_FILE_S_Periodic_1s
                0x0801fde8       0x8c project_build/src/mbng_file_s.o
                0x0801fde8                MBNG_FILE_S_Periodic_1s
 .text.MBNG_FILE_S_Read
                0x0801fe74      0x1ec project_build/src/mbng_file_s.o
                0x0801fe74                MBNG_FILE_S_Read
 .text.MBNG_FILE_S_Load
                0x08020060        0x4 project_build/src/mbng_file_s.o
                0x08020060                MBNG_FILE_S_Load
 .text.ngr_strtok_r
                0x08020064       0x7e project_build/src/mbng_file_r.o
 .text.trim     0x080200e2       0x36 project_build/src/mbng_file_r.o
 .text.remove_quotes
                0x08020118       0x26 project_build/src/mbng_file_r.o
 *fill*         0x0802013e        0x2 00
 .text.parseTokenizedValue
                0x08020140      0x184 project_build/src/mbng_file_r.o
 .text.execSET_MAX
                0x080202c4        0x6 project_build/src/mbng_file_r.o
 .text.execSET_MIN
                0x080202ca        0x6 project_build/src/mbng_file_r.o
 .text.execSET_NO_DUMP
                0x080202d0        0x6 project_build/src/mbng_file_r.o
 .text.execSET_ACTIVE
                0x080202d6        0x6 project_build/src/mbng_file_r.o
 .text.execSET_LOCK
                0x080202dc        0x6 project_build/src/mbng_file_r.o
 .text.execCHANGE
                0x080202e2        0xc project_build/src/mbng_file_r.o
 .text.execSET_HSV
                0x080202ee       0x26 project_build/src/mbng_file_r.o
 .text.execSET_RGB
                0x08020314       0x26 project_build/src/mbng_file_r.o
 .text.execTRIGGER
                0x0802033a       0x10 project_build/src/mbng_file_r.o
 .text.execSET  0x0802034a       0x20 project_build/src/mbng_file_r.o
 .text.execCHANGE_Virtual
                0x0802036a       0x2e project_build/src/mbng_file_r.o
 .text.get_dec  0x08020398       0x20 project_build/src/mbng_file_r.o
 .text.parseId  0x080203b8       0x6c project_build/src/mbng_file_r.o
 .text.MBNG_FILE_R_Unload
                0x08020424       0x38 project_build/src/mbng_file_r.o
                0x08020424                MBNG_FILE_R_Unload
 .text.MBNG_FILE_R_Init
                0x0802045c        0xa project_build/src/mbng_file_r.o
                0x0802045c                MBNG_FILE_R_Init
 *fill*         0x08020466        0x2 00
 .text.MBNG_FILE_R_Valid
                0x08020468       0x10 project_build/src/mbng_file_r.o
                0x08020468                MBNG_FILE_R_Valid
 .text.MBNG_FILE_R_TokenizedNgrSet
                0x08020478       0x1c project_build/src/mbng_file_r.o
                0x08020478                MBNG_FILE_R_TokenizedNgrSet
 .text.MBNG_FILE_R_TokenMemPrint
                0x08020494       0x98 project_build/src/mbng_file_r.o
                0x08020494                MBNG_FILE_R_TokenMemPrint
 .text.MBNG_FILE_R_VarSectionSet
                0x0802052c        0xc project_build/src/mbng_file_r.o
                0x0802052c                MBNG_FILE_R_VarSectionSet
 .text.MBNG_FILE_R_VarSectionGet
                0x08020538        0xc project_build/src/mbng_file_r.o
                0x08020538                MBNG_FILE_R_VarSectionGet
 .text.MBNG_FILE_R_VarValueSet
                0x08020544        0xc project_build/src/mbng_file_r.o
                0x08020544                MBNG_FILE_R_VarValueSet
 .text.MBNG_FILE_R_VarValueGet
                0x08020550        0xc project_build/src/mbng_file_r.o
                0x08020550                MBNG_FILE_R_VarValueGet
 .text.MBNG_FILE_R_PushToken
                0x0802055c       0x38 project_build/src/mbng_file_r.o
                0x0802055c                MBNG_FILE_R_PushToken
 .text.parseValue
                0x08020594      0x3a8 project_build/src/mbng_file_r.o
 .text.MBNG_FILE_R_PushString
                0x0802093c       0x24 project_build/src/mbng_file_r.o
                0x0802093c                MBNG_FILE_R_PushString
 .text.lineIsEmpty
                0x08020960       0x1c project_build/src/mbng_file_r.o
                0x08020960                lineIsEmpty
 .text.parseCondition
                0x0802097c      0x1d0 project_build/src/mbng_file_r.o
                0x0802097c                parseCondition
 .text.parseTokenizedCondition
                0x08020b4c       0xd0 project_build/src/mbng_file_r.o
                0x08020b4c                parseTokenizedCondition
 .text.sendTokenized
                0x08020c1c      0x184 project_build/src/mbng_file_r.o
                0x08020c1c                sendTokenized
 .text.parseSend
                0x08020da0      0x2b0 project_build/src/mbng_file_r.o
                0x08020da0                parseSend
 .text.parseExecMeta
                0x08021050      0x1dc project_build/src/mbng_file_r.o
                0x08021050                parseExecMeta
 .text.setTokenizedValue
                0x0802122c       0xf0 project_build/src/mbng_file_r.o
                0x0802122c                setTokenizedValue
 .text.execToken
                0x0802131c       0xb0 project_build/src/mbng_file_r.o
                0x0802131c                execToken
 .text.parseCommand
                0x080213cc      0x374 project_build/src/mbng_file_r.o
                0x080213cc                parseCommand
 .text.parseDelay
                0x08021740       0x6c project_build/src/mbng_file_r.o
                0x08021740                parseDelay
 .text.parseLoad
                0x080217ac       0x84 project_build/src/mbng_file_r.o
                0x080217ac                parseLoad
 .text.MBNG_FILE_R_Parser
                0x08021830      0x4f8 project_build/src/mbng_file_r.o
                0x08021830                MBNG_FILE_R_Parser
 .text.MBNG_FILE_R_Exec
                0x08021d28      0x42c project_build/src/mbng_file_r.o
                0x08021d28                MBNG_FILE_R_Exec
 .text.MBNG_FILE_R_Read
                0x08022154      0x1cc project_build/src/mbng_file_r.o
                0x08022154                MBNG_FILE_R_Read
 .text.MBNG_FILE_R_ReadRequest
                0x08022320       0x98 project_build/src/mbng_file_r.o
                0x08022320                MBNG_FILE_R_ReadRequest
 .text.MBNG_FILE_R_CheckRequest
                0x080223b8      0x130 project_build/src/mbng_file_r.o
                0x080223b8                MBNG_FILE_R_CheckRequest
 .text.MBNG_FILE_R_RunStop
                0x080224e8       0x2c project_build/src/mbng_file_r.o
                0x080224e8                MBNG_FILE_R_RunStop
 .text.get_dec  0x08022514       0x20 project_build/src/mbng_file_k.o
 .text.MBNG_FILE_K_Unload
                0x08022534       0x14 project_build/src/mbng_file_k.o
                0x08022534                MBNG_FILE_K_Unload
 .text.MBNG_FILE_K_Valid
                0x08022548       0x10 project_build/src/mbng_file_k.o
                0x08022548                MBNG_FILE_K_Valid
 .text.MBNG_FILE_K_Read
                0x08022558      0x1a0 project_build/src/mbng_file_k.o
                0x08022558                MBNG_FILE_K_Read
 .text.MBNG_FILE_K_Load
                0x080226f8        0x4 project_build/src/mbng_file_k.o
                0x080226f8                MBNG_FILE_K_Load
 .text.MBNG_FILE_K_Write
                0x080226fc       0xe4 project_build/src/mbng_file_k.o
                0x080226fc                MBNG_FILE_K_Write
 .text.unlikely.get_dec
                0x080227e0       0x1c project_build/src/terminal.o
 .text.TERMINAL_BrowserUploadCallback
                0x080227fc       0xd0 project_build/src/terminal.o
 .text.unlikely.get_on_off
                0x080228cc       0x2c project_build/src/terminal.o
 .text.TERMINAL_ParseFilebrowser
                0x080228f8       0x84 project_build/src/terminal.o
 .text.TERMINAL_Init
                0x0802297c       0x4c project_build/src/terminal.o
                0x0802297c                TERMINAL_Init
 .text.TERMINAL_PrintSystem
                0x080229c8       0x50 project_build/src/terminal.o
                0x080229c8                TERMINAL_PrintSystem
 .text.TERMINAL_PrintMemoryInfo
                0x08022a18        0xe project_build/src/terminal.o
                0x08022a18                TERMINAL_PrintMemoryInfo
 *fill*         0x08022a26        0x2 00
 .text.TERMINAL_PrintSdCardInfo
                0x08022a28      0x2ac project_build/src/terminal.o
                0x08022a28                TERMINAL_PrintSdCardInfo
 .text.TERMINAL_ParseLine
                0x08022cd4      0x958 project_build/src/terminal.o
                0x08022cd4                TERMINAL_ParseLine
 .text.TERMINAL_Parse
                0x0802362c       0x80 project_build/src/terminal.o
                0x0802362c                TERMINAL_Parse
 .text.stringEmpty
                0x080236ac        0x6 project_build/src/scs_config.o
 .text.selectNOP
                0x080236b2        0x4 project_build/src/scs_config.o
 .text.dummyGet
                0x080236b6        0x4 project_build/src/scs_config.o
 .text.dummySet
                0x080236ba        0x2 project_build/src/scs_config.o
 .text.sysExVarDevGet
                0x080236bc        0xc project_build/src/scs_config.o
 .text.sysExVarDevSet
                0x080236c8        0xc project_build/src/scs_config.o
 .text.sysExVarPatGet
                0x080236d4        0xc project_build/src/scs_config.o
 .text.sysExVarPatSet
                0x080236e0        0xc project_build/src/scs_config.o
 .text.sysExVarBnkGet
                0x080236ec        0xc project_build/src/scs_config.o
 .text.sysExVarBnkSet
                0x080236f8        0xc project_build/src/scs_config.o
 .text.sysExVarInsGet
                0x08023704        0xc project_build/src/scs_config.o
 .text.sysExVarInsSet
                0x08023710        0xc project_build/src/scs_config.o
 .text.sysExVarChnGet
                0x0802371c        0xc project_build/src/scs_config.o
 .text.sysExVarChnSet
                0x08023728        0xc project_build/src/scs_config.o
 .text.routerNodeGet
                0x08023734        0xc project_build/src/scs_config.o
 .text.routerNodeSet
                0x08023740        0xc project_build/src/scs_config.o
 .text.routerSrcChnGet
                0x0802374c       0x18 project_build/src/scs_config.o
 .text.routerSrcChnSet
                0x08023764       0x18 project_build/src/scs_config.o
 .text.routerDstChnGet
                0x0802377c       0x18 project_build/src/scs_config.o
 .text.routerDstChnSet
                0x08023794       0x18 project_build/src/scs_config.o
 .text.oscPortGet
                0x080237ac        0xc project_build/src/scs_config.o
 .text.oscPortSet
                0x080237b8        0xc project_build/src/scs_config.o
 .text.selIpParGet
                0x080237c4        0xc project_build/src/scs_config.o
 .text.selIpParSet
                0x080237d0        0xc project_build/src/scs_config.o
 .text.stringPause
                0x080237dc       0x24 project_build/src/scs_config.o
 .text.stringOnOff
                0x08023800       0x18 project_build/src/scs_config.o
 .text.stringDec5
                0x08023818       0x10 project_build/src/scs_config.o
 .text.stringOscPort
                0x08023828       0x10 project_build/src/scs_config.o
 .text.stringDecP1
                0x08023838       0x10 project_build/src/scs_config.o
 .text.stringDec
                0x08023848       0x10 project_build/src/scs_config.o
 .text.selectPause
                0x08023858        0xa project_build/src/scs_config.o
 *fill*         0x08023862        0x2 00
 .text.stringStop
                0x08023864       0x24 project_build/src/scs_config.o
 .text.stringPlay
                0x08023888       0x24 project_build/src/scs_config.o
 .text.selectStop
                0x080238ac        0xa project_build/src/scs_config.o
 .text.selectPlay
                0x080238b6        0xa project_build/src/scs_config.o
 .text.mclkBpmSet
                0x080238c0       0x10 project_build/src/scs_config.o
 .text.mclkBpmGet
                0x080238d0        0xe project_build/src/scs_config.o
 .text.dhcpGet  0x080238de        0xa project_build/src/scs_config.o
 .text.stringRouterChn
                0x080238e8       0x28 project_build/src/scs_config.o
 .text.stringIp
                0x08023910       0x80 project_build/src/scs_config.o
 .text.selectIpEnter
                0x08023990       0x68 project_build/src/scs_config.o
 .text.selectIpEnter_Callback
                0x080239f8       0x20 project_build/src/scs_config.o
 .text.stringIpPar
                0x08023a18       0x44 project_build/src/scs_config.o
 .text.dhcpSet  0x08023a5c        0x6 project_build/src/scs_config.o
 *fill*         0x08023a62        0x2 00
 .text.stringOscModeFull
                0x08023a64       0x30 project_build/src/scs_config.o
 .text.stringOscMode
                0x08023a94       0x1c project_build/src/scs_config.o
 .text.oscModeSet
                0x08023ab0       0x10 project_build/src/scs_config.o
 .text.oscModeGet
                0x08023ac0       0x14 project_build/src/scs_config.o
 .text.oscLocalPortSet
                0x08023ad4       0x18 project_build/src/scs_config.o
 .text.oscLocalPortGet
                0x08023aec        0xc project_build/src/scs_config.o
 .text.oscRemotePortSet
                0x08023af8       0x18 project_build/src/scs_config.o
 .text.oscRemotePortGet
                0x08023b10        0xc project_build/src/scs_config.o
 .text.stringRemoteIp
                0x08023b1c       0x4c project_build/src/scs_config.o
 .text.selectRemoteIp
                0x08023b68       0x28 project_build/src/scs_config.o
 .text.selectRemoteIp_Callback
                0x08023b90       0x1c project_build/src/scs_config.o
 .text.selectSAVE
                0x08023bac       0x20 project_build/src/scs_config.o
 .text.selectLOAD
                0x08023bcc       0x24 project_build/src/scs_config.o
 .text.getListLOAD_Callback
                0x08023bf0       0x4c project_build/src/scs_config.o
 .text.stringOutPort
                0x08023c3c       0x16 project_build/src/scs_config.o
 *fill*         0x08023c52        0x2 00
 .text.routerDstPortSet
                0x08023c54       0x20 project_build/src/scs_config.o
 .text.routerDstPortGet
                0x08023c74       0x20 project_build/src/scs_config.o
 .text.stringInPort
                0x08023c94       0x16 project_build/src/scs_config.o
 *fill*         0x08023caa        0x2 00
 .text.routerSrcPortSet
                0x08023cac       0x1c project_build/src/scs_config.o
 .text.routerSrcPortGet
                0x08023cc8       0x1c project_build/src/scs_config.o
 .text.selectSnapshotDUMP
                0x08023ce4       0x24 project_build/src/scs_config.o
 .text.snapshotGet
                0x08023d08        0xa project_build/src/scs_config.o
 .text.snapshotSet
                0x08023d12        0x6 project_build/src/scs_config.o
 .text.runValueSet
                0x08023d18        0x6 project_build/src/scs_config.o
 .text.runValueGet
                0x08023d1e        0xa project_build/src/scs_config.o
 .text.runSectionSet
                0x08023d28        0x6 project_build/src/scs_config.o
 .text.runSectionGet
                0x08023d2e        0xa project_build/src/scs_config.o
 .text.buttonHook
                0x08023d38      0x160 project_build/src/scs_config.o
 .text.MSD_EnableReq
                0x08023e98       0x30 project_build/src/scs_config.o
 .text.displayHook
                0x08023ec8      0x2f0 project_build/src/scs_config.o
 .text.selectSAVE_Callback
                0x080241b8       0x48 project_build/src/scs_config.o
 .text.selectLOAD_Callback
                0x08024200       0x4c project_build/src/scs_config.o
 .text.selectSnapshotSAVE
                0x0802424c       0x58 project_build/src/scs_config.o
 .text.selectSnapshotLOAD
                0x080242a4       0x64 project_build/src/scs_config.o
 .text.selectRunScript
                0x08024308       0x80 project_build/src/scs_config.o
 .text.encHook  0x08024388       0x9c project_build/src/scs_config.o
 .text.SCS_CONFIG_Init
                0x08024424       0x44 project_build/src/scs_config.o
                0x08024424                SCS_CONFIG_Init
 .text.TASK_Hooks
                0x08024468       0x48 project_build//C/Users/Paul/OneDrive/Documents/MIDI/Soft/MIOS32/trunk/programming_models/traditional/main.o
 .text.TASK_MIDI_Hooks
                0x080244b0       0x34 project_build//C/Users/Paul/OneDrive/Documents/MIDI/Soft/MIOS32/trunk/programming_models/traditional/main.o
 .text.startup.main
                0x080244e4       0xd0 project_build//C/Users/Paul/OneDrive/Documents/MIDI/Soft/MIOS32/trunk/programming_models/traditional/main.o
                0x080244e4                main
 .text.vApplicationTickHook
                0x080245b4        0x4 project_build//C/Users/Paul/OneDrive/Documents/MIDI/Soft/MIOS32/trunk/programming_models/traditional/main.o
                0x080245b4                vApplicationTickHook
 .text.vApplicationIdleHook
                0x080245b8        0x4 project_build//C/Users/Paul/OneDrive/Documents/MIDI/Soft/MIOS32/trunk/programming_models/traditional/main.o
                0x080245b8                vApplicationIdleHook
 .text._abort   0x080245bc       0x40 project_build//C/Users/Paul/OneDrive/Documents/MIDI/Soft/MIOS32/trunk/programming_models/traditional/main.o
                0x080245bc                _abort
 .text.HardFault_Handler_c
                0x080245fc      0x148 project_build//C/Users/Paul/OneDrive/Documents/MIDI/Soft/MIOS32/trunk/programming_models/traditional/main.o
                0x080245fc                HardFault_Handler_c
 .text.HardFault_Handler
                0x08024744       0x14 project_build//C/Users/Paul/OneDrive/Documents/MIDI/Soft/MIOS32/trunk/programming_models/traditional/main.o
                0x08024744                HardFault_Handler
 .text._strtol_r
                0x08024758      0x108 project_build//C/Users/Paul/OneDrive/Documents/MIDI/Soft/MIOS32/trunk/programming_models/traditional/strtol.o
                0x08024758                _strtol_r
 .text.strtol   0x08024860       0x16 project_build//C/Users/Paul/OneDrive/Documents/MIDI/Soft/MIOS32/trunk/programming_models/traditional/strtol.o
                0x08024860                strtol
 *fill*         0x08024876        0x2 00
 .text.prvAddCurrentTaskToDelayedList
                0x08024878       0x50 project_build//C/Users/Paul/OneDrive/Documents/MIDI/Soft/MIOS32/trunk/FreeRTOS/Source/tasks.o
 .text.xTaskGenericCreate
                0x080248c8      0x194 project_build//C/Users/Paul/OneDrive/Documents/MIDI/Soft/MIOS32/trunk/FreeRTOS/Source/tasks.o
                0x080248c8                xTaskGenericCreate
 .text.vTaskStartScheduler
                0x08024a5c       0x4c project_build//C/Users/Paul/OneDrive/Documents/MIDI/Soft/MIOS32/trunk/FreeRTOS/Source/tasks.o
                0x08024a5c                vTaskStartScheduler
 .text.vTaskSuspendAll
                0x08024aa8       0x10 project_build//C/Users/Paul/OneDrive/Documents/MIDI/Soft/MIOS32/trunk/FreeRTOS/Source/tasks.o
                0x08024aa8                vTaskSuspendAll
 .text.xTaskGetTickCount
                0x08024ab8       0x18 project_build//C/Users/Paul/OneDrive/Documents/MIDI/Soft/MIOS32/trunk/FreeRTOS/Source/tasks.o
                0x08024ab8                xTaskGetTickCount
 .text.vTaskIncrementTick
                0x08024ad0       0xec project_build//C/Users/Paul/OneDrive/Documents/MIDI/Soft/MIOS32/trunk/FreeRTOS/Source/tasks.o
                0x08024ad0                vTaskIncrementTick
 .text.xTaskResumeAll
                0x08024bbc       0xc4 project_build//C/Users/Paul/OneDrive/Documents/MIDI/Soft/MIOS32/trunk/FreeRTOS/Source/tasks.o
                0x08024bbc                xTaskResumeAll
 .text.prvIdleTask
                0x08024c80       0x68 project_build//C/Users/Paul/OneDrive/Documents/MIDI/Soft/MIOS32/trunk/FreeRTOS/Source/tasks.o
 .text.vTaskDelayUntil
                0x08024ce8       0x78 project_build//C/Users/Paul/OneDrive/Documents/MIDI/Soft/MIOS32/trunk/FreeRTOS/Source/tasks.o
                0x08024ce8                vTaskDelayUntil
 .text.vTaskSwitchContext
                0x08024d60       0x54 project_build//C/Users/Paul/OneDrive/Documents/MIDI/Soft/MIOS32/trunk/FreeRTOS/Source/tasks.o
                0x08024d60                vTaskSwitchContext
 .text.vTaskPlaceOnEventList
                0x08024db4       0x60 project_build//C/Users/Paul/OneDrive/Documents/MIDI/Soft/MIOS32/trunk/FreeRTOS/Source/tasks.o
                0x08024db4                vTaskPlaceOnEventList
 .text.xTaskRemoveFromEventList
                0x08024e14       0x68 project_build//C/Users/Paul/OneDrive/Documents/MIDI/Soft/MIOS32/trunk/FreeRTOS/Source/tasks.o
                0x08024e14                xTaskRemoveFromEventList
 .text.vTaskSetTimeOutState
                0x08024e7c       0x18 project_build//C/Users/Paul/OneDrive/Documents/MIDI/Soft/MIOS32/trunk/FreeRTOS/Source/tasks.o
                0x08024e7c                vTaskSetTimeOutState
 .text.xTaskCheckForTimeOut
                0x08024e94       0x54 project_build//C/Users/Paul/OneDrive/Documents/MIDI/Soft/MIOS32/trunk/FreeRTOS/Source/tasks.o
                0x08024e94                xTaskCheckForTimeOut
 .text.vTaskMissedYield
                0x08024ee8        0xc project_build//C/Users/Paul/OneDrive/Documents/MIDI/Soft/MIOS32/trunk/FreeRTOS/Source/tasks.o
                0x08024ee8                vTaskMissedYield
 .text.xTaskGetCurrentTaskHandle
                0x08024ef4        0xc project_build//C/Users/Paul/OneDrive/Documents/MIDI/Soft/MIOS32/trunk/FreeRTOS/Source/tasks.o
                0x08024ef4                xTaskGetCurrentTaskHandle
 .text.vTaskPriorityInherit
                0x08024f00       0x8c project_build//C/Users/Paul/OneDrive/Documents/MIDI/Soft/MIOS32/trunk/FreeRTOS/Source/tasks.o
                0x08024f00                vTaskPriorityInherit
 .text.vTaskPriorityDisinherit
                0x08024f8c       0x6c project_build//C/Users/Paul/OneDrive/Documents/MIDI/Soft/MIOS32/trunk/FreeRTOS/Source/tasks.o
                0x08024f8c                vTaskPriorityDisinherit
 .text.vListInitialise
                0x08024ff8       0x16 project_build//C/Users/Paul/OneDrive/Documents/MIDI/Soft/MIOS32/trunk/FreeRTOS/Source/list.o
                0x08024ff8                vListInitialise
 .text.vListInitialiseItem
                0x0802500e        0x6 project_build//C/Users/Paul/OneDrive/Documents/MIDI/Soft/MIOS32/trunk/FreeRTOS/Source/list.o
                0x0802500e                vListInitialiseItem
 .text.vListInsertEnd
                0x08025014       0x1a project_build//C/Users/Paul/OneDrive/Documents/MIDI/Soft/MIOS32/trunk/FreeRTOS/Source/list.o
                0x08025014                vListInsertEnd
 .text.vListInsert
                0x0802502e       0x30 project_build//C/Users/Paul/OneDrive/Documents/MIDI/Soft/MIOS32/trunk/FreeRTOS/Source/list.o
                0x0802502e                vListInsert
 .text.uxListRemove
                0x0802505e       0x22 project_build//C/Users/Paul/OneDrive/Documents/MIDI/Soft/MIOS32/trunk/FreeRTOS/Source/list.o
                0x0802505e                uxListRemove
 .text.prvCopyDataFromQueue
                0x08025080       0x26 project_build//C/Users/Paul/OneDrive/Documents/MIDI/Soft/MIOS32/trunk/FreeRTOS/Source/queue.o
 .text.prvUnlockQueue
                0x080250a6       0x64 project_build//C/Users/Paul/OneDrive/Documents/MIDI/Soft/MIOS32/trunk/FreeRTOS/Source/queue.o
 .text.prvCopyDataToQueue
                0x0802510a       0x58 project_build//C/Users/Paul/OneDrive/Documents/MIDI/Soft/MIOS32/trunk/FreeRTOS/Source/queue.o
 .text.xQueueGenericSend
                0x08025162       0xce project_build//C/Users/Paul/OneDrive/Documents/MIDI/Soft/MIOS32/trunk/FreeRTOS/Source/queue.o
                0x08025162                xQueueGenericSend
 .text.xQueueGiveMutexRecursive
                0x08025230       0x2a project_build//C/Users/Paul/OneDrive/Documents/MIDI/Soft/MIOS32/trunk/FreeRTOS/Source/queue.o
                0x08025230                xQueueGiveMutexRecursive
 .text.xQueueCreateMutex
                0x0802525a       0x46 project_build//C/Users/Paul/OneDrive/Documents/MIDI/Soft/MIOS32/trunk/FreeRTOS/Source/queue.o
                0x0802525a                xQueueCreateMutex
 .text.xQueueGenericReceive
                0x080252a0      0x102 project_build//C/Users/Paul/OneDrive/Documents/MIDI/Soft/MIOS32/trunk/FreeRTOS/Source/queue.o
                0x080252a0                xQueueGenericReceive
 .text.xQueueTakeMutexRecursive
                0x080253a2       0x32 project_build//C/Users/Paul/OneDrive/Documents/MIDI/Soft/MIOS32/trunk/FreeRTOS/Source/queue.o
                0x080253a2                xQueueTakeMutexRecursive
 .text.prvPortStartFirstTask
                0x080253d4       0x14 project_build//C/Users/Paul/OneDrive/Documents/MIDI/Soft/MIOS32/trunk/FreeRTOS/Source/portable/GCC/ARM_CM3/port.o
 .text.pxPortInitialiseStack
                0x080253e8       0x16 project_build//C/Users/Paul/OneDrive/Documents/MIDI/Soft/MIOS32/trunk/FreeRTOS/Source/portable/GCC/ARM_CM3/port.o
                0x080253e8                pxPortInitialiseStack
 *fill*         0x080253fe        0x2 00
 .text.vPortSVCHandler
                0x08025400       0x20 project_build//C/Users/Paul/OneDrive/Documents/MIDI/Soft/MIOS32/trunk/FreeRTOS/Source/portable/GCC/ARM_CM3/port.o
                0x08025400                vPortSVCHandler
 .text.vPortYieldFromISR
                0x08025420       0x10 project_build//C/Users/Paul/OneDrive/Documents/MIDI/Soft/MIOS32/trunk/FreeRTOS/Source/portable/GCC/ARM_CM3/port.o
                0x08025420                vPortYieldFromISR
 .text.ulPortSetInterruptMask
                0x08025430       0x10 project_build//C/Users/Paul/OneDrive/Documents/MIDI/Soft/MIOS32/trunk/FreeRTOS/Source/portable/GCC/ARM_CM3/port.o
                0x08025430                ulPortSetInterruptMask
 .text.vPortEnterCritical
                0x08025440       0x14 project_build//C/Users/Paul/OneDrive/Documents/MIDI/Soft/MIOS32/trunk/FreeRTOS/Source/portable/GCC/ARM_CM3/port.o
                0x08025440                vPortEnterCritical
 .text.vPortClearInterruptMask
                0x08025454        0x6 project_build//C/Users/Paul/OneDrive/Documents/MIDI/Soft/MIOS32/trunk/FreeRTOS/Source/portable/GCC/ARM_CM3/port.o
                0x08025454                vPortClearInterruptMask
 *fill*         0x0802545a        0x2 00
 .text.vPortExitCritical
                0x0802545c       0x14 project_build//C/Users/Paul/OneDrive/Documents/MIDI/Soft/MIOS32/trunk/FreeRTOS/Source/portable/GCC/ARM_CM3/port.o
                0x0802545c                vPortExitCritical
 .text.xPortPendSVHandler